ARM Linker, 5.03 [Build 24] [MDK-ARM Standard]

==============================================================================

Section Cross References

    startup_stm32f10x_md.o(STACK) refers (Special) to heapauxi.o(.text) for __use_two_region_memory
    startup_stm32f10x_md.o(HEAP) refers (Special) to heapauxi.o(.text) for __use_two_region_memory
    startup_stm32f10x_md.o(RESET) refers (Special) to heapauxi.o(.text) for __use_two_region_memory
    startup_stm32f10x_md.o(RESET) refers to startup_stm32f10x_md.o(STACK) for __initial_sp
    startup_stm32f10x_md.o(RESET) refers to startup_stm32f10x_md.o(.text) for Reset_Handler
    startup_stm32f10x_md.o(RESET) refers to stm32f10x_it.o(.text) for NMI_Handler
    startup_stm32f10x_md.o(RESET) refers to os_cpu_a.o(.text) for PendSV_Handler
    startup_stm32f10x_md.o(.text) refers (Special) to heapauxi.o(.text) for __use_two_region_memory
    startup_stm32f10x_md.o(.text) refers to bsp.o(.text) for SystemInit
    startup_stm32f10x_md.o(.text) refers to __main.o(!!!main) for __main
    startup_stm32f10x_md.o(.text) refers to startup_stm32f10x_md.o(HEAP) for Heap_Mem
    startup_stm32f10x_md.o(.text) refers to startup_stm32f10x_md.o(STACK) for Stack_Mem
    stm32f10x_bkp.o(.text) refers to stm32f10x_rcc.o(.text) for RCC_BackupResetCmd
    stm32f10x_gpio.o(.text) refers to stm32f10x_rcc.o(.text) for RCC_APB2PeriphResetCmd
    stm32f10x_rcc.o(.text) refers to stm32f10x_rcc.o(.data) for APBAHBPrescTable
    stm32f10x_spi.o(.text) refers to stm32f10x_rcc.o(.text) for RCC_APB2PeriphResetCmd
    stm32f10x_usart.o(.text) refers to stm32f10x_rcc.o(.text) for RCC_APB2PeriphResetCmd
    stm32f10x_tim.o(.text) refers to stm32f10x_rcc.o(.text) for RCC_APB2PeriphResetCmd
    si4432.o(.text) refers to stm32f10x_gpio.o(.text) for GPIO_ResetBits
    si4432.o(.text) refers to spi.o(.text) for SPI2_ReadWriteByte
    si4432.o(.text) refers to base.o(.text) for DelayMs
    si4432.o(.text) refers to stm32f10x_rcc.o(.text) for RCC_APB2PeriphClockCmd
    si4432.o(.text) refers to stm32f10x_exti.o(.text) for EXTI_Init
    si4432.o(.text) refers to stm32f10x_spi.o(.text) for SPI_Cmd
    si4432.o(.text) refers to si4432.o(.data) for ItStatus1
    base.o(.text) refers to stm32f10x_usart.o(.text) for USART_SendData
    stm32init.o(.text) refers to misc.o(.text) for NVIC_SetVectorTable
    stm32init.o(.text) refers to stm32f10x_rcc.o(.text) for RCC_APB2PeriphClockCmd
    stm32init.o(.text) refers to stm32f10x_gpio.o(.text) for GPIO_Init
    stm32init.o(.text) refers to stm32f10x_usart.o(.text) for USART_Init
    stm32init.o(.text) refers to bsp.o(.text) for DMA_Configuration
    stm32init.o(.text) refers to stm32f10x_spi.o(.text) for SPI_Init
    bsp.o(.text) refers to stm32f10x_rcc.o(.text) for RCC_DeInit
    bsp.o(.text) refers to stm32init.o(.text) for STM32_Init
    bsp.o(.text) refers to si4432.o(.text) for SI4432_Configuration
    bsp.o(.text) refers to stm32f10x_gpio.o(.text) for GPIO_SetBits
    bsp.o(.text) refers to base.o(.text) for SendString
    bsp.o(.text) refers to iwatchdog.o(.text) for WatchDog_Init
    bsp.o(.text) refers to stm32f10x_tim.o(.text) for TIM_InternalClockConfig
    bsp.o(.text) refers to misc.o(.text) for NVIC_PriorityGroupConfig
    bsp.o(.text) refers to stm32f10x_dma.o(.text) for DMA_DeInit
    bsp.o(.text) refers to stm32f10x_usart.o(.text) for USART_DMACmd
    bsp.o(.text) refers to base.o(.data) for Flag
    bsp.o(.text) refers to stm32f10x_it.o(.bss) for USART2_SEND_DATA
    encrypt.o(.text) refers to memcmp.o(.text) for memcmp
    encrypt.o(.text) refers to os_q.o(.text) for OSQPost
    encrypt.o(.text) refers to base.o(.text) for SendString
    encrypt.o(.text) refers to encrypt.o(.data) for test_roll_list
    encrypt.o(.text) refers to encrypt.o(.bss) for send_data
    encrypt.o(.text) refers to encrypt.o(.constdata) for Roll_key
    encrypt.o(.text) refers to taskset.o(.data) for MY_ID
    encrypt.o(.text) refers to tasktest.o(.data) for learn_DeviceName
    encrypt.o(.text) refers to app.o(.data) for ProtoSendMBox
    encrypt.o(.text) refers to si4432.o(.text) for sending
    encrypt.o(.data) refers to app.o(.bss) for SI4432RecvBuff
    spi.o(.text) refers to stm32f10x_spi.o(.text) for SPI_I2S_GetFlagStatus
    spi.o(.text) refers to stm32f10x_rcc.o(.text) for RCC_APB2PeriphClockCmd
    spi.o(.text) refers to stm32f10x_gpio.o(.text) for GPIO_Init
    dataflash.o(.text) refers to stm32f10x_flash.o(.text) for FLASH_ProgramHalfWord
    stm32f10x_it.o(.text) refers to os_cpu_a.o(.text) for OS_CPU_SR_Save
    stm32f10x_it.o(.text) refers to os_core.o(.text) for OSTimeTick
    stm32f10x_it.o(.text) refers to stm32f10x_usart.o(.text) for USART_GetITStatus
    stm32f10x_it.o(.text) refers to os_q.o(.text) for OSQPost
    stm32f10x_it.o(.text) refers to stm32f10x_dma.o(.text) for DMA_Cmd
    stm32f10x_it.o(.text) refers to protocol.o(.text) for ReV_CH361ReVProtocol
[...]
    .text                                    0x08002cf0   Section        0  base.o(.text)
    .text                                    0x08002e3c   Section        0  stm32init.o(.text)
    .text                                    0x0800310c   Section        0  bsp.o(.text)
    .text                                    0x080034a8   Section        0  encrypt.o(.text)
    .text                                    0x08003978   Section        0  spi.o(.text)
    .text                                    0x08003bb0   Section        0  dataflash.o(.text)
    .text                                    0x08003cd4   Section        0  iwatchdog.o(.text)
    .text                                    0x08003d00   Section        0  stm32f10x_it.o(.text)
    .text                                    0x08004084   Section        0  app.o(.text)
    .text                                    0x080040a8   Section        0  protocol.o(.text)
    .text                                    0x08004658   Section        0  taskprotocol.o(.text)
    .text                                    0x080046fc   Section        0  taskprotosend.o(.text)
    .text                                    0x08004948   Section        0  tasktest.o(.text)
    .text                                    0x08004be4   Section        0  taskset.o(.text)
    .text                                    0x08004e04   Section        0  tasksi4432read.o(.text)
    .text                                    0x08004efc   Section        0  taskct361snderr.o(.text)
    .text                                    0x08004ff0   Section        0  os_core.o(.text)
    OS_SchedNew                              0x08005167   Thumb Code    26  os_core.o(.text)
    OS_InitTaskStat                          0x08005601   Thumb Code    52  os_core.o(.text)
    OS_InitTaskIdle                          0x08005655   Thumb Code    52  os_core.o(.text)
    OS_InitEventList                         0x0800569b   Thumb Code    70  os_core.o(.text)
    OS_InitTCBList                           0x080056e1   Thumb Code    86  os_core.o(.text)
    OS_InitRdyList                           0x08005737   Thumb Code    46  os_core.o(.text)
    OS_InitMisc                              0x08005765   Thumb Code    44  os_core.o(.text)
    .text                                    0x08005d70   Section        0  os_flag.o(.text)
    OS_FlagTaskRdy                           0x08005f03   Thumb Code    96  os_flag.o(.text)
    OS_FlagBlock                             0x08006139   Thumb Code   152  os_flag.o(.text)
    .text                                    0x08006638   Section        0  os_q.o(.text)
    .text                                    0x08006ca4   Section        0  os_sem.o(.text)
    .text                                    0x080070b0   Section        0  os_task.o(.text)
    .text                                    0x08007940   Section        0  os_time.o(.text)
    .text                                    0x08007b38   Section      164  os_cpu_a.o(.text)
    .text                                    0x08007bdc   Section        0  os_cpu_c.o(.text)
    .text                                    0x08007c88   Section        0  os_dbg.o(.text)
    .text                                    0x08007d9c   Section        0  rand.o(.text)
    .text                                    0x08007dd8   Section        0  memcmp.o(.text)
    .text                                    0x08007e30   Section        0  heapauxi.o(.text)
    .text                                    0x08007e36   Section       74  sys_stackheap_outer.o(.text)
    .text                                    0x08007e80   Section        0  exit.o(.text)
    .text                                    0x08007e8c   Section        8  libspace.o(.text)
    .text                                    0x08007e94   Section        2  use_no_semi.o(.text)
    .text                                    0x08007e96   Section        0  indicate_semi.o(.text)
    .text                                    0x08007e98   Section        0  sys_exit.o(.text)
    .constdata                               0x08007ea4   Section      256  encrypt.o(.constdata)
    .constdata                               0x08007fa4   Section      256  os_core.o(.constdata)
    .constdata                               0x080080a4   Section       94  os_dbg.o(.constdata)
    .data                                    0x20000000   Section       20  stm32f10x_rcc.o(.data)
    APBAHBPrescTable                         0x20000000   Data          16  stm32f10x_rcc.o(.data)
    ADCPrescTable                            0x20000010   Data           4  stm32f10x_rcc.o(.data)
    .data                                    0x20000014   Section        6  si4432.o(.data)
    .data                                    0x2000001a   Section        1  base.o(.data)
    .data                                    0x20000020   Section       77  encrypt.o(.data)
    si4432_cnt                               0x20000058   Data           1  encrypt.o(.data)
    .data                                    0x20000070   Section       19  stm32f10x_it.o(.data)
    u1StaMach                                0x20000082   Data           1  stm32f10x_it.o(.data)
    .data                                    0x20000084   Section       32  app.o(.data)
    .data                                    0x200000a4   Section        7  taskprotosend.o(.data)
    IRSendStaMach                            0x200000a7   Data           1  taskprotosend.o(.data)
    cmd                                      0x200000a8   Data           1  taskprotosend.o(.data)
    DeviceName                               0x200000a9   Data           1  taskprotosend.o(.data)
    DeviceCode                               0x200000aa   Data           1  taskprotosend.o(.data)
    .data                                    0x200000ab   Section        5  tasktest.o(.data)
    .data                                    0x200000b0   Section        9  taskset.o(.data)
    .data                                    0x200000b9   Section        1  tasksi4432read.o(.data)
    .data                                    0x200000bc   Section       68  os_core.o(.data)
    .bss                                     0x20000100   Section       20  si4432.o(.bss)
    .bss                                     0x20000114   Section       36  encrypt.o(.bss)
    .bss                                     0x20000138   Section      440  stm32f10x_it.o(.bss)
    .bss                                     0x200002f0   Section    10654  app.o(.bss)
    .bss                                     0x20002c8e   Section      208  tasktest.o(.bss)
    .bss                                     0x20002d60   Section     4304  os_core.o(.bss)
    .bss                                     0x20003e30   Section      228  rand.o(.bss)
    .bss                                     0x20003f14   Section       96  libspace.o(.bss)
    HEAP                                     0x20003f78   Section      512  startup_stm32f10x_md.o(HEAP)
    Heap_Mem                                 0x20003f78   Data         512  startup_stm32f10x_md.o(HEAP)
    STACK                                    0x20004178   Section     1024  startup_stm32f10x_md.o(STACK)
    Stack_Mem                                0x20004178   Data        1024  startup_stm32f10x_md.o(STACK)
    __initial_sp                             0x20004578   Data           0  startup_stm32f10x_md.o(STACK)

    Global Symbols

    Symbol Name                              Value     Ov Type        Size  Object(Section)

    BuildAttributes$$THM_ISAv4$P$D$K$B$S$PE$A:L22UL41UL21$X:L11$S22US41US21$IEEE1$IW$USESV6$~STKCKD$USESV7$~SHL$OSPACE$ROPI$EBA8$UX$STANDARDLIB$REQ8$PRES8$EABIv2 0x00000000   Number         0  anon$$obj.o ABSOLUTE
    __ARM_use_no_argv                        0x00000000   Number         0  app.o ABSOLUTE
    __ARM_exceptions_init                     - Undefined Weak Reference
    __alloca_initialize                       - Undefined Weak Reference
    __cpp_initialize__aeabi_                  - Undefined Weak Reference
    __cxa_finalize                            - Undefined Weak Reference
    __rt_locale                               - Undefined Weak Reference
    __sigvec_lookup                           - Undefined Weak Reference
    _atexit_init                              - Undefined Weak Reference
    _call_atexit_fns                          - Undefined Weak Reference
    _clock_init                               - Undefined Weak Reference
    _fp_trap_init                             - Undefined Weak Reference
    _fp_trap_shutdown                         - Undefined Weak Reference
    _get_lc_collate                           - Undefined Weak Reference
    _get_lc_ctype                             - Undefined Weak Reference
    _get_lc_monetary                          - Undefined Weak Reference
    _get_lc_numeric                           - Undefined Weak Reference
    _get_lc_time                              - Undefined Weak Reference
    _getenv_init                              - Undefined Weak Reference
    _handle_redirection                       - Undefined Weak Reference
    _init_alloc                               - Undefined Weak Reference
    _init_user_alloc                          - Undefined Weak Reference
    _initio                                   - Undefined Weak Reference
    _signal_finish                            - Undefined Weak Reference
    _signal_init                              - Undefined Weak Reference
    _terminate_alloc                          - Undefined Weak Reference
    _terminate_user_alloc                     - Undefined Weak Reference
    _terminateio                              - Undefined Weak Reference
    __Vectors_Size                           0x000000ec   Number         0  startup_stm32f10x_md.o ABSOLUTE
    __Vectors                                0x08000000   Data           4  startup_stm32f10x_md.o(RESET)
    __Vectors_End                            0x080000ec   Data           0  startup_stm32f10x_md.o(RESET)
    __main                                   0x080000ed   Thumb Code     8  __main.o(!!!main)
    __scatterload                            0x080000f5   Thumb Code     0  __scatter.o(!!!scatter)
    __scatterload_rt2                        0x080000f5   Thumb Code    44  __scatter.o(!!!scatter)
    __scatterload_rt2_thumb_only             0x080000f5   Thumb Code     0  __scatter.o(!!!scatter)
    __scatterload_null                       0x08000103   Thumb Code     0  __scatter.o(!!!scatter)
    __scatterload_copy                       0x08000129   Thumb Code    26  __scatter_copy.o(!!handler_copy)
    __scatterload_zeroinit                   0x08000145   Thumb Code    28  __scatter_zi.o(!!handler_zi)
    __rt_lib_init                            0x08000161   Thumb Code     0  libinit.o(.ARM.Collect$$libinit$$00000000)
    __rt_lib_init_fp_1                       0x08000163   Thumb Code     0  libinit2.o(.ARM.Collect$$libinit$$00000002)
    __rt_lib_init_heap_1                     0x08000163   Thumb Code     0  libinit2.o(.ARM.Collect$$libinit$$00000008)
    __rt_lib_init_rand_2                     0x08000163   Thumb Code     0  libinit2.o(.ARM.Collect$$libinit$$0000000B)
    __rt_lib_init_user_alloc_1               0x08000163   Thumb Code     0  libinit2.o(.ARM.Collect$$libinit$$0000000A)
    __rt_lib_init_alloca_1                   0x08000167   Thumb Code     0  libinit2.o(.ARM.Collect$$libinit$$0000002C)
    __rt_lib_init_argv_1                     0x08000167   Thumb Code     0  libinit2.o(.ARM.Collect$$libinit$$0000002A)
    __rt_lib_init_atexit_1                   0x08000167   Thumb Code     0  libinit2.o(.ARM.Collect$$libinit$$00000019)
    __rt_lib_init_clock_1                    0x08000167   Thumb Code     0  libinit2.o(.ARM.Collect$$libinit$$0000001F)
    __rt_lib_init_cpp_1                      0x08000167   Thumb Code     0  libinit2.o(.ARM.Collect$$libinit$$00000030)
    __rt_lib_init_exceptions_1               0x08000167   Thumb Code     0  libinit2.o(.ARM.Collect$$libinit$$0000002E)
    __rt_lib_init_fp_trap_1                  0x08000167   Thumb Code     0  libinit2.o(.ARM.Collect$$libinit$$0000001D)
    __rt_lib_init_getenv_1                   0x08000167   Thumb Code     0  libinit2.o(.ARM.Collect$$libinit$$00000021)
    __rt_lib_init_lc_collate_1               0x08000167   Thumb Code     0  libinit2.o(.ARM.Collect$$libinit$$0000000F)
    __rt_lib_init_lc_ctype_1                 0x08000167   Thumb Code     0  libinit2.o(.ARM.Collect$$libinit$$00000011)
    __rt_lib_init_lc_monetary_1              0x08000167   Thumb Code     0  libinit2.o(.ARM.Collect$$libinit$$00000013)
    __rt_lib_init_lc_numeric_1               0x08000167   Thumb Code     0  libinit2.o(.ARM.Collect$$libinit$$00000015)
    __rt_lib_init_lc_time_1                  0x08000167   Thumb Code     0  libinit2.o(.ARM.Collect$$libinit$$00000017)
    __rt_lib_init_rand_1                     0x08000167   Thumb Code     0  libinit2.o(.ARM.Collect$$libinit$$0000000C)
    __rt_lib_init_return                     0x08000167   Thumb Code     0  libinit2.o(.ARM.Collect$$libinit$$00000031)
    __rt_lib_init_signal_1                   0x08000167   Thumb Code     0  libinit2.o(.ARM.Collect$$libinit$$0000001B)
    __rt_lib_init_stdio_1                    0x08000167   Thumb Code     0  libinit2.o(.ARM.Collect$$libinit$$00000023)
    __rt_lib_shutdown                        0x08000169   Thumb Code     0  libshutdown.o(.ARM.Collect$$libshutdown$$00000000)
    __rt_lib_shutdown_fp_trap_1              0x0800016b   Thumb Code     0  libshutdown2.o(.ARM.Collect$$libshutdown$$00000006)
    __rt_lib_shutdown_heap_1                 0x0800016b   Thumb Code     0  libshutdown2.o(.ARM.Collect$$libshutdown$$0000000E)
    __rt_lib_shutdown_return                 0x0800016b   Thumb Code     0  libshutdown2.o(.ARM.Collect$$libshutdown$$0000000F)
    __rt_lib_shutdown_signal_1               0x0800016b   Thumb Code     0  libshutdown2.o(.ARM.Collect$$libshutdown$$00000009)
    __rt_lib_shutdown_stdio_1                0x0800016b   Thumb Code     0  libshutdown2.o(.ARM.Collect$$libshutdown$$00000003)
    __rt_lib_shutdown_user_alloc_1           0x0800016b   Thumb Code     0  libshutdown2.o(.ARM.Collect$$libshutdown$$0000000B)
    __rt_entry                               0x0800016d   Thumb Code     0  rtentry.o(.ARM.Collect$$rtentry$$00000000)
    __rt_entry_presh_1                       0x0800016d   Thumb Code     0  rtentry2.o(.ARM.Collect$$rtentry$$00000002)
    __rt_entry_sh                            0x0800016d   Thumb Code     0  rtentry4.o(.ARM.Collect$$rtentry$$00000004)
    __rt_entry_li                            0x08000173   Thumb Code     0  rtentry2.o(.ARM.Collect$$rtentry$$0000000A)
    __rt_entry_postsh_1                      0x08000173   Thumb Code     0  rtentry2.o(.ARM.Collect$$rtentry$$00000009)
    __rt_entry_main                          0x08000177   Thumb Code     0  rtentry2.o(.ARM.Collect$$rtentry$$0000000D)
    __rt_entry_postli_1                      0x08000177   Thumb Code     0  rtentry2.o(.ARM.Collect$$rtentry$$0000000C)
    __rt_exit                                0x0800017f   Thumb Code     0  rtexit.o(.ARM.Collect$$rtexit$$00000000)
    __rt_exit_ls                             0x08000181   Thumb Code     0  rtexit2.o(.ARM.Collect$$rtexit$$00000003)
    __rt_exit_prels_1                        0x08000181   Thumb Code     0  rtexit2.o(.ARM.Collect$$rtexit$$00000002)
    __rt_exit_exit                           0x08000185   Thumb Code     0  rtexit2.o(.ARM.Collect$$rtexit$$00000004)
    rand                                     0x0800018d   Thumb Code    48  rand.o(.emb_text)
    Reset_Handler                            0x080001c1   Thumb Code     8  startup_stm32f10x_md.o(.text)
    ADC1_2_IRQHandler                        0x080001db   Thumb Code     0  startup_stm32f10x_md.o(.text)
    CAN1_RX1_IRQHandler                      0x080001db   Thumb Code     0  startup_stm32f10x_md.o(.text)
    CAN1_SCE_IRQHandler                      0x080001db   Thumb Code     0  startup_stm32f10x_md.o(.text)
    DMA1_Channel1_IRQHandler                 0x080001db   Thumb Code     0  startup_stm32f10x_md.o(.text)
    DMA1_Channel2_IRQHandler                 0x080001db   Thumb Code     0  startup_stm32f10x_md.o(.text)
    DMA1_Channel3_IRQHandler                 0x080001db   Thumb Code     0  startup_stm32f10x_md.o(.text)
    DMA1_Channel4_IRQHandler                 0x080001db   Thumb Code     0  startup_stm32f10x_md.o(.text)
    DMA1_Channel5_IRQHandler                 0x080001db   Thumb Code     0  startup_stm32f10x_md.o(.text)
    EXTI0_IRQHandler                         0x080001db   Thumb Code     0  startup_stm32f10x_md.o(.text)
    EXTI1_IRQHandler                         0x080001db   Thumb Code     0  startup_stm32f10x_md.o(.text)
    EXTI3_IRQHandler                         0x080001db   Thumb Code     0  startup_stm32f10x_md.o(.text)
    EXTI4_IRQHandler                         0x080001db   Thumb Code     0  startup_stm32f10x_md.o(.text)
    EXTI9_5_IRQHandler                       0x080001db   Thumb Code     0  startup_stm32f10x_md.o(.text)
    FLASH_IRQHandler                         0x080001db   Thumb Code     0  startup_stm32f10x_md.o(.text)
    I2C1_ER_IRQHandler                       0x080001db   Thumb Code     0  startup_stm32f10x_md.o(.text)
    I2C1_EV_IRQHandler                       0x080001db   Thumb Code     0  startup_stm32f10x_md.o(.text)
    I2C2_ER_IRQHandler                       0x080001db   Thumb Code     0  startup_stm32f10x_md.o(.text)
    I2C2_EV_IRQHandler                       0x080001db   Thumb Code     0  startup_stm32f10x_md.o(.text)
    PVD_IRQHandler                           0x080001db   Thumb Code     0  startup_stm32f10x_md.o(.text)
    RCC_IRQHandler                           0x080001db   Thumb Code     0  startup_stm32f10x_md.o(.text)
    RTCAlarm_IRQHandler                      0x080001db   Thumb Code     0  startup_stm32f10x_md.o(.text)
    RTC_IRQHandler                           0x080001db   Thumb Code     0  startup_stm32f10x_md.o(.text)
    SPI1_IRQHandler                          0x080001db   Thumb Code     0  startup_stm32f10x_md.o(.text)
    SPI2_IRQHandler                          0x080001db   Thumb Code     0  startup_stm32f10x_md.o(.text)
    TAMPER_IRQHandler                        0x080001db   Thumb Code     0  startup_stm32f10x_md.o(.text)
    TIM1_BRK_IRQHandler                      0x080001db   Thumb Code     0  startup_stm32f10x_md.o(.text)
    TIM1_TRG_COM_IRQHandler                  0x080001db   Thumb Code     0  startup_stm32f10x_md.o(.text)
    TIM1_UP_IRQHandler                       0x080001db   Thumb Code     0  startup_stm32f10x_md.o(.text)
    TIM3_IRQHandler                          0x080001db   Thumb Code     0  startup_stm32f10x_md.o(.text)
    USART3_IRQHandler                        0x080001db   Thumb Code     0  startup_stm32f10x_md.o(.text)
    USBWakeUp_IRQHandler                     0x080001db   Thumb Code     0  startup_stm32f10x_md.o(.text)
    USB_HP_CAN1_TX_IRQHandler                0x080001db   Thumb Code     0  startup_stm32f10x_md.o(.text)
    USB_LP_CAN1_RX0_IRQHandler               0x080001db   Thumb Code     0  startup_stm32f10x_md.o(.text)
    WWDG_IRQHandler                          0x080001db   Thumb Code     0  startup_stm32f10x_md.o(.text)
    __user_initial_stackheap                 0x080001dd   Thumb Code     0  startup_stm32f10x_md.o(.text)
    NVIC_PriorityGroupConfig                 0x08000201   Thumb Code    10  misc.o(.text)
    NVIC_Init                                0x0800020b   Thumb Code   102  misc.o(.text)
    NVIC_SetVectorTable                      0x08000271   Thumb Code    14  misc.o(.text)
    NVIC_SystemLPConfig                      0x0800027f   Thumb Code    34  misc.o(.text)
    SysTick_CLKSourceConfig                  0x080002a1   Thumb Code    40  misc.o(.text)
    EXTI_DeInit                              0x080002dd   Thumb Code    28  stm32f10x_exti.o(.text)
    EXTI_Init                                0x080002f9   Thumb Code   142  stm32f10x_exti.o(.text)
    EXTI_StructInit                          0x08000387   Thumb Code    16  stm32f10x_exti.o(.text)
    EXTI_GenerateSWInterrupt                 0x08000397   Thumb Code    16  stm32f10x_exti.o(.text)
    EXTI_GetFlagStatus                       0x080003a7   Thumb Code    22  stm32f10x_exti.o(.text)
    EXTI_ClearFlag                           0x080003bd   Thumb Code     8  stm32f10x_exti.o(.text)
    EXTI_GetITStatus                         0x080003c5   Thumb Code    34  stm32f10x_exti.o(.text)
    EXTI_ClearITPendingBit                   0x080003e7   Thumb Code     8  stm32f10x_exti.o(.text)
    GPIO_DeInit                              0x080003f9   Thumb Code   172  stm32f10x_gpio.o(.text)
    GPIO_AFIODeInit                          0x080004a5   Thumb Code    20  stm32f10x_gpio.o(.text)
    GPIO_Init                                0x080004b9   Thumb Code   274  stm32f10x_gpio.o(.text)
    GPIO_StructInit                          0x080005cb   Thumb Code    16  stm32f10x_gpio.o(.text)
    GPIO_ReadInputDataBit                    0x080005db   Thumb Code    18  stm32f10x_gpio.o(.text)
    GPIO_ReadInputData                       0x080005ed   Thumb Code     8  stm32f10x_gpio.o(.text)
    GPIO_ReadOutputDataBit                   0x080005f5   Thumb Code    18  stm32f10x_gpio.o(.text)
    GPIO_ReadOutputData                      0x08000607   Thumb Code     8  stm32f10x_gpio.o(.text)
    GPIO_SetBits                             0x0800060f   Thumb Code     4  stm32f10x_gpio.o(.text)
    GPIO_ResetBits                           0x08000613   Thumb Code     4  stm32f10x_gpio.o(.text)
    GPIO_WriteBit                            0x08000617   Thumb Code    10  stm32f10x_gpio.o(.text)
    GPIO_Write                               0x08000621   Thumb Code     4  stm32f10x_gpio.o(.text)
    GPIO_PinLockConfig                       0x08000625   Thumb Code    18  stm32f10x_gpio.o(.text)
    GPIO_EventOutputConfig                   0x08000637   Thumb Code    26  stm32f10x_gpio.o(.text)
    GPIO_EventOutputCmd                      0x08000651   Thumb Code     6  stm32f10x_gpio.o(.text)
    GPIO_PinRemapConfig                      0x08000657   Thumb Code   138  stm32f10x_gpio.o(.text)
    GPIO_EXTILineConfig                      0x080006e1   Thumb Code    66  stm32f10x_gpio.o(.text)
    GPIO_ETH_MediaInterfaceConfig            0x08000723   Thumb Code     6  stm32f10x_gpio.o(.text)
    RCC_DeInit                               0x08000751   Thumb Code    64  stm32f10x_rcc.o(.text)
    RCC_HSEConfig                            0x08000791   Thumb Code    70  stm32f10x_rcc.o(.text)
    RCC_GetFlagStatus                        0x080007d7   Thumb Code    56  stm32f10x_rcc.o(.text)
    RCC_WaitForHSEStartUp                    0x0800080f   Thumb Code    56  stm32f10x_rcc.o(.text)
    RCC_AdjustHSICalibrationValue            0x08000847   Thumb Code    20  stm32f10x_rcc.o(.text)
    RCC_HSICmd                               0x0800085b   Thumb Code     6  stm32f10x_rcc.o(.text)
    RCC_PLLConfig                            0x08000861   Thumb Code    24  stm32f10x_rcc.o(.text)
    RCC_PLLCmd                               0x08000879   Thumb Code     6  stm32f10x_rcc.o(.text)
    RCC_SYSCLKConfig                         0x0800087f   Thumb Code    18  stm32f10x_rcc.o(.text)
    RCC_GetSYSCLKSource                      0x08000891   Thumb Code    10  stm32f10x_rcc.o(.text)
    RCC_HCLKConfig                           0x0800089b   Thumb Code    18  stm32f10x_rcc.o(.text)
    RCC_PCLK1Config                          0x080008ad   Thumb Code    18  stm32f10x_rcc.o(.text)
    RCC_PCLK2Config                          0x080008bf   Thumb Code    20  stm32f10x_rcc.o(.text)
    RCC_ITConfig                             0x080008d3   Thumb Code    26  stm32f10x_rcc.o(.text)
    RCC_USBCLKConfig                         0x080008ed   Thumb Code     6  stm32f10x_rcc.o(.text)
    RCC_ADCCLKConfig                         0x080008f3   Thumb Code    18  stm32f10x_rcc.o(.text)
    RCC_LSEConfig                            0x08000905   Thumb Code    44  stm32f10x_rcc.o(.text)
    RCC_LSICmd                               0x08000931   Thumb Code     6  stm32f10x_rcc.o(.text)
    RCC_RTCCLKConfig                         0x08000937   Thumb Code    12  stm32f10x_rcc.o(.text)
    RCC_RTCCLKCmd                            0x08000943   Thumb Code     8  stm32f10x_rcc.o(.text)
    RCC_GetClocksFreq                        0x0800094b   Thumb Code   192  stm32f10x_rcc.o(.text)
    RCC_AHBPeriphClockCmd                    0x08000a0b   Thumb Code    26  stm32f10x_rcc.o(.text)
    RCC_APB2PeriphClockCmd                   0x08000a25   Thumb Code    26  stm32f10x_rcc.o(.text)
    RCC_APB1PeriphClockCmd                   0x08000a3f   Thumb Code    26  stm32f10x_rcc.o(.text)
    RCC_APB2PeriphResetCmd                   0x08000a59   Thumb Code    26  stm32f10x_rcc.o(.text)
    RCC_APB1PeriphResetCmd                   0x08000a73   Thumb Code    26  stm32f10x_rcc.o(.text)
    RCC_BackupResetCmd                       0x08000a8d   Thumb Code     8  stm32f10x_rcc.o(.text)
    RCC_ClockSecuritySystemCmd               0x08000a95   Thumb Code     6  stm32f10x_rcc.o(.text)
    RCC_MCOConfig                            0x08000a9b   Thumb Code     6  stm32f10x_rcc.o(.text)
    RCC_ClearFlag                            0x08000aa1   Thumb Code    14  stm32f10x_rcc.o(.text)
    RCC_GetITStatus                          0x08000aaf   Thumb Code    20  stm32f10x_rcc.o(.text)
    RCC_ClearITPendingBit                    0x08000ac3   Thumb Code     6  stm32f10x_rcc.o(.text)
    SPI_I2S_DeInit                           0x08000af5   Thumb Code    76  stm32f10x_spi.o(.text)
    SPI_Init                                 0x08000b41   Thumb Code    60  stm32f10x_spi.o(.text)
    I2S_Init                                 0x08000b7d   Thumb Code   226  stm32f10x_spi.o(.text)
    SPI_StructInit                           0x08000c5f   Thumb Code    24  stm32f10x_spi.o(.text)
    I2S_StructInit                           0x08000c77   Thumb Code    20  stm32f10x_spi.o(.text)
    SPI_Cmd                                  0x08000c8b   Thumb Code    24  stm32f10x_spi.o(.text)
    I2S_Cmd                                  0x08000ca3   Thumb Code    24  stm32f10x_spi.o(.text)
    SPI_I2S_ITConfig                         0x08000cbb   Thumb Code    32  stm32f10x_spi.o(.text)
    SPI_I2S_DMACmd                           0x08000cdb   Thumb Code    18  stm32f10x_spi.o(.text)
    SPI_I2S_SendData                         0x08000ced   Thumb Code     4  stm32f10x_spi.o(.text)
    SPI_I2S_ReceiveData                      0x08000cf1   Thumb Code     6  stm32f10x_spi.o(.text)
    SPI_NSSInternalSoftwareConfig            0x08000cf7   Thumb Code    30  stm32f10x_spi.o(.text)
    SPI_SSOutputCmd                          0x08000d15   Thumb Code    24  stm32f10x_spi.o(.text)
    SPI_DataSizeConfig                       0x08000d2d   Thumb Code    18  stm32f10x_spi.o(.text)
    SPI_TransmitCRC                          0x08000d3f   Thumb Code    10  stm32f10x_spi.o(.text)
    SPI_CalculateCRC                         0x08000d49   Thumb Code    24  stm32f10x_spi.o(.text)
    SPI_GetCRC                               0x08000d61   Thumb Code    16  stm32f10x_spi.o(.text)
    SPI_GetCRCPolynomial                     0x08000d71   Thumb Code     6  stm32f10x_spi.o(.text)
    SPI_BiDirectionalLineConfig              0x08000d77   Thumb Code    28  stm32f10x_spi.o(.text)
    SPI_I2S_GetFlagStatus                    0x08000d93   Thumb Code    18  stm32f10x_spi.o(.text)
    SPI_I2S_ClearFlag                        0x08000da5   Thumb Code     6  stm32f10x_spi.o(.text)
    SPI_I2S_GetITStatus                      0x08000dab   Thumb Code    52  stm32f10x_spi.o(.text)
    SPI_I2S_ClearITPendingBit                0x08000ddf   Thumb Code    20  stm32f10x_spi.o(.text)
    USART_DeInit                             0x08000e01   Thumb Code   134  stm32f10x_usart.o(.text)
    USART_Init                               0x08000e87   Thumb Code   210  stm32f10x_usart.o(.text)
    USART_StructInit                         0x08000f59   Thumb Code    24  stm32f10x_usart.o(.text)
    USART_ClockInit                          0x08000f71   Thumb Code    34  stm32f10x_usart.o(.text)
    USART_ClockStructInit                    0x08000f93   Thumb Code    12  stm32f10x_usart.o(.text)
    USART_Cmd                                0x08000f9f   Thumb Code    24  stm32f10x_usart.o(.text)
    USART_ITConfig                           0x08000fb7   Thumb Code    74  stm32f10x_usart.o(.text)
    USART_DMACmd                             0x08001001   Thumb Code    18  stm32f10x_usart.o(.text)
    USART_SetAddress                         0x08001013   Thumb Code    18  stm32f10x_usart.o(.text)
    USART_WakeUpConfig                       0x08001025   Thumb Code    18  stm32f10x_usart.o(.text)
    USART_ReceiverWakeUpCmd                  0x08001037   Thumb Code    24  stm32f10x_usart.o(.text)
    USART_LINBreakDetectLengthConfig         0x0800104f   Thumb Code    18  stm32f10x_usart.o(.text)
    USART_LINCmd                             0x08001061   Thumb Code    24  stm32f10x_usart.o(.text)
    USART_SendData                           0x08001079   Thumb Code     8  stm32f10x_usart.o(.text)
    USART_ReceiveData                        0x08001081   Thumb Code    10  stm32f10x_usart.o(.text)
    USART_SendBreak                          0x0800108b   Thumb Code    10  stm32f10x_usart.o(.text)
    USART_SetGuardTime                       0x08001095   Thumb Code    16  stm32f10x_usart.o(.text)
    USART_SetPrescaler                       0x080010a5   Thumb Code    16  stm32f10x_usart.o(.text)
    USART_SmartCardCmd                       0x080010b5   Thumb Code    24  stm32f10x_usart.o(.text)
    USART_SmartCardNACKCmd                   0x080010cd   Thumb Code    24  stm32f10x_usart.o(.text)
    USART_HalfDuplexCmd                      0x080010e5   Thumb Code    24  stm32f10x_usart.o(.text)
    USART_OverSampling8Cmd                   0x080010fd   Thumb Code    22  stm32f10x_usart.o(.text)
    USART_OneBitMethodCmd                    0x08001113   Thumb Code    24  stm32f10x_usart.o(.text)
    USART_IrDAConfig                         0x0800112b   Thumb Code    18  stm32f10x_usart.o(.text)
    USART_IrDACmd                            0x0800113d   Thumb Code    24  stm32f10x_usart.o(.text)
    USART_GetFlagStatus                      0x08001155   Thumb Code    26  stm32f10x_usart.o(.text)
    USART_ClearFlag                          0x0800116f   Thumb Code    18  stm32f10x_usart.o(.text)
    USART_GetITStatus                        0x08001181   Thumb Code    84  stm32f10x_usart.o(.text)
    USART_ClearITPendingBit                  0x080011d5   Thumb Code    52  stm32f10x_usart.o(.text)
    FLASH_SetLatency                         0x08001209   Thumb Code    18  stm32f10x_flash.o(.text)
    FLASH_HalfCycleAccessCmd                 0x0800121b   Thumb Code    22  stm32f10x_flash.o(.text)
    FLASH_PrefetchBufferCmd                  0x08001231   Thumb Code    22  stm32f10x_flash.o(.text)
    FLASH_Unlock                             0x08001247   Thumb Code    12  stm32f10x_flash.o(.text)
    FLASH_UnlockBank1                        0x08001253   Thumb Code    12  stm32f10x_flash.o(.text)
    FLASH_Lock                               0x0800125f   Thumb Code    14  stm32f10x_flash.o(.text)
    FLASH_LockBank1                          0x0800126d   Thumb Code    14  stm32f10x_flash.o(.text)
    FLASH_GetBank1Status                     0x0800127b   Thumb Code    48  stm32f10x_flash.o(.text)
    FLASH_WaitForLastOperation               0x080012ab   Thumb Code    38  stm32f10x_flash.o(.text)
    FLASH_ErasePage                          0x080012d1   Thumb Code    72  stm32f10x_flash.o(.text)
    FLASH_EraseAllPages                      0x08001319   Thumb Code    68  stm32f10x_flash.o(.text)
    FLASH_WaitForLastBank1Operation          0x0800135d   Thumb Code    38  stm32f10x_flash.o(.text)
    FLASH_EraseAllBank1Pages                 0x08001383   Thumb Code    68  stm32f10x_flash.o(.text)
    FLASH_GetReadOutProtectionStatus         0x080013c7   Thumb Code    20  stm32f10x_flash.o(.text)
    FLASH_EraseOptionBytes                   0x080013db   Thumb Code   150  stm32f10x_flash.o(.text)
    FLASH_ProgramWord                        0x08001471   Thumb Code   102  stm32f10x_flash.o(.text)
    FLASH_ProgramHalfWord                    0x080014d7   Thumb Code    60  stm32f10x_flash.o(.text)
    FLASH_ProgramOptionByteData              0x08001513   Thumb Code    72  stm32f10x_flash.o(.text)
    FLASH_EnableWriteProtection              0x0800155b   Thumb Code   200  stm32f10x_flash.o(.text)
    FLASH_ReadOutProtection                  0x08001623   Thumb Code   156  stm32f10x_flash.o(.text)
    FLASH_UserOptionByteConfig               0x080016bf   Thumb Code    88  stm32f10x_flash.o(.text)
    FLASH_GetUserOptionByte                  0x08001717   Thumb Code     8  stm32f10x_flash.o(.text)
    FLASH_GetWriteProtectionOptionByte       0x0800171f   Thumb Code     6  stm32f10x_flash.o(.text)
    FLASH_GetPrefetchBufferStatus            0x08001725   Thumb Code    20  stm32f10x_flash.o(.text)
    FLASH_ITConfig                           0x08001739   Thumb Code    26  stm32f10x_flash.o(.text)
    FLASH_GetFlagStatus                      0x08001753   Thumb Code    42  stm32f10x_flash.o(.text)
    FLASH_ClearFlag                          0x0800177d   Thumb Code     6  stm32f10x_flash.o(.text)
    FLASH_GetStatus                          0x08001783   Thumb Code    48  stm32f10x_flash.o(.text)
    TIM_DeInit                               0x080017c5   Thumb Code   424  stm32f10x_tim.o(.text)
    TIM_TimeBaseInit                         0x0800196d   Thumb Code   122  stm32f10x_tim.o(.text)
    TIM_OC1Init                              0x080019e7   Thumb Code   132  stm32f10x_tim.o(.text)
    TIM_OC2Init                              0x08001a6b   Thumb Code   154  stm32f10x_tim.o(.text)
    TIM_OC3Init                              0x08001b05   Thumb Code   150  stm32f10x_tim.o(.text)
    TIM_OC4Init                              0x08001b9b   Thumb Code   182  stm32f10x_tim.o(.text)
    TIM_SetIC4Prescaler                      0x08001c51   Thumb Code    26  stm32f10x_tim.o(.text)
    TIM_SetIC3Prescaler                      0x08001ced   Thumb Code    18  stm32f10x_tim.o(.text)
    TIM_SetIC2Prescaler                      0x08001d79   Thumb Code    26  stm32f10x_tim.o(.text)
    TIM_SetIC1Prescaler                      0x08001e15   Thumb Code    18  stm32f10x_tim.o(.text)
    TIM_ICInit                               0x08001e93   Thumb Code   150  stm32f10x_tim.o(.text)
    TIM_PWMIConfig                           0x08001f29   Thumb Code   124  stm32f10x_tim.o(.text)
    TIM_BDTRConfig                           0x08001fa5   Thumb Code    32  stm32f10x_tim.o(.text)
    TIM_TimeBaseStructInit                   0x08001fc5   Thumb Code    18  stm32f10x_tim.o(.text)
    TIM_OCStructInit                         0x08001fd7   Thumb Code    20  stm32f10x_tim.o(.text)
    TIM_ICStructInit                         0x08001feb   Thumb Code    18  stm32f10x_tim.o(.text)
    TIM_BDTRStructInit                       0x08001ffd   Thumb Code    40  stm32f10x_tim.o(.text)
    TIM_Cmd                                  0x08002025   Thumb Code    24  stm32f10x_tim.o(.text)
    TIM_CtrlPWMOutputs                       0x0800203d   Thumb Code    30  stm32f10x_tim.o(.text)
    TIM_ITConfig                             0x0800205b   Thumb Code    18  stm32f10x_tim.o(.text)
    TIM_GenerateEvent                        0x0800206d   Thumb Code     4  stm32f10x_tim.o(.text)
    TIM_DMAConfig                            0x08002071   Thumb Code    10  stm32f10x_tim.o(.text)
    TIM_DMACmd                               0x0800207b   Thumb Code    18  stm32f10x_tim.o(.text)
    TIM_InternalClockConfig                  0x0800208d   Thumb Code    12  stm32f10x_tim.o(.text)
    TIM_SelectInputTrigger                   0x08002099   Thumb Code    18  stm32f10x_tim.o(.text)
    TIM_ITRxExternalClockConfig              0x080020ab   Thumb Code    24  stm32f10x_tim.o(.text)
    TIM_TIxExternalClockConfig               0x080020c3   Thumb Code    62  stm32f10x_tim.o(.text)
    TIM_ETRConfig                            0x08002101   Thumb Code    28  stm32f10x_tim.o(.text)
    TIM_ETRClockMode1Config                  0x0800211d   Thumb Code    54  stm32f10x_tim.o(.text)
    TIM_ETRClockMode2Config                  0x08002153   Thumb Code    32  stm32f10x_tim.o(.text)
    TIM_PrescalerConfig                      0x08002173   Thumb Code     6  stm32f10x_tim.o(.text)
    TIM_CounterModeConfig                    0x08002179   Thumb Code    18  stm32f10x_tim.o(.text)
    TIM_EncoderInterfaceConfig               0x0800218b   Thumb Code    66  stm32f10x_tim.o(.text)
    TIM_ForcedOC1Config                      0x080021cd   Thumb Code    18  stm32f10x_tim.o(.text)
    TIM_ForcedOC2Config                      0x080021df   Thumb Code    26  stm32f10x_tim.o(.text)
    TIM_ForcedOC3Config                      0x080021f9   Thumb Code    18  stm32f10x_tim.o(.text)
    TIM_ForcedOC4Config                      0x0800220b   Thumb Code    26  stm32f10x_tim.o(.text)
    TIM_ARRPreloadConfig                     0x08002225   Thumb Code    24  stm32f10x_tim.o(.text)
    TIM_SelectCOM                            0x0800223d   Thumb Code    24  stm32f10x_tim.o(.text)
    TIM_SelectCCDMA                          0x08002255   Thumb Code    24  stm32f10x_tim.o(.text)
    TIM_CCPreloadControl                     0x0800226d   Thumb Code    24  stm32f10x_tim.o(.text)
    TIM_OC1PreloadConfig                     0x08002285   Thumb Code    18  stm32f10x_tim.o(.text)
    TIM_OC2PreloadConfig                     0x08002297   Thumb Code    26  stm32f10x_tim.o(.text)
    TIM_OC3PreloadConfig                     0x080022b1   Thumb Code    18  stm32f10x_tim.o(.text)
    TIM_OC4PreloadConfig                     0x080022c3   Thumb Code    26  stm32f10x_tim.o(.text)
    TIM_OC1FastConfig                        0x080022dd   Thumb Code    18  stm32f10x_tim.o(.text)
    TIM_OC2FastConfig                        0x080022ef   Thumb Code    26  stm32f10x_tim.o(.text)
    TIM_OC3FastConfig                        0x08002309   Thumb Code    18  stm32f10x_tim.o(.text)
    TIM_OC4FastConfig                        0x0800231b   Thumb Code    26  stm32f10x_tim.o(.text)
    TIM_ClearOC1Ref                          0x08002335   Thumb Code    18  stm32f10x_tim.o(.text)
    TIM_ClearOC2Ref                          0x08002347   Thumb Code    24  stm32f10x_tim.o(.text)
    TIM_ClearOC3Ref                          0x0800235f   Thumb Code    18  stm32f10x_tim.o(.text)
    TIM_ClearOC4Ref                          0x08002371   Thumb Code    24  stm32f10x_tim.o(.text)
    TIM_OC1PolarityConfig                    0x08002389   Thumb Code    18  stm32f10x_tim.o(.text)
    TIM_OC1NPolarityConfig                   0x0800239b   Thumb Code    18  stm32f10x_tim.o(.text)
    TIM_OC2PolarityConfig                    0x080023ad   Thumb Code    26  stm32f10x_tim.o(.text)
    TIM_OC2NPolarityConfig                   0x080023c7   Thumb Code    26  stm32f10x_tim.o(.text)
    TIM_OC3PolarityConfig                    0x080023e1   Thumb Code    26  stm32f10x_tim.o(.text)
    TIM_OC3NPolarityConfig                   0x080023fb   Thumb Code    26  stm32f10x_tim.o(.text)
    TIM_OC4PolarityConfig                    0x08002415   Thumb Code    26  stm32f10x_tim.o(.text)
    TIM_CCxCmd                               0x0800242f   Thumb Code    30  stm32f10x_tim.o(.text)
    TIM_CCxNCmd                              0x0800244d   Thumb Code    30  stm32f10x_tim.o(.text)
    TIM_SelectOCxM                           0x0800246b   Thumb Code    82  stm32f10x_tim.o(.text)
    TIM_UpdateDisableConfig                  0x080024bd   Thumb Code    24  stm32f10x_tim.o(.text)
    TIM_UpdateRequestConfig                  0x080024d5   Thumb Code    24  stm32f10x_tim.o(.text)
    TIM_SelectHallSensor                     0x080024ed   Thumb Code    24  stm32f10x_tim.o(.text)
    TIM_SelectOnePulseMode                   0x08002505   Thumb Code    18  stm32f10x_tim.o(.text)
    TIM_SelectOutputTrigger                  0x08002517   Thumb Code    18  stm32f10x_tim.o(.text)
    TIM_SelectSlaveMode                      0x08002529   Thumb Code    18  stm32f10x_tim.o(.text)
    TIM_SelectMasterSlaveMode                0x0800253b   Thumb Code    18  stm32f10x_tim.o(.text)
    TIM_SetCounter                           0x0800254d   Thumb Code     4  stm32f10x_tim.o(.text)
    TIM_SetAutoreload                        0x08002551   Thumb Code     4  stm32f10x_tim.o(.text)
    TIM_SetCompare1                          0x08002555   Thumb Code     4  stm32f10x_tim.o(.text)
    TIM_SetCompare2                          0x08002559   Thumb Code     4  stm32f10x_tim.o(.text)
    TIM_SetCompare3                          0x0800255d   Thumb Code     4  stm32f10x_tim.o(.text)
    TIM_SetCompare4                          0x08002561   Thumb Code     6  stm32f10x_tim.o(.text)
    TIM_SetClockDivision                     0x08002567   Thumb Code    18  stm32f10x_tim.o(.text)
    TIM_GetCapture1                          0x08002579   Thumb Code     6  stm32f10x_tim.o(.text)
    TIM_GetCapture2                          0x0800257f   Thumb Code     6  stm32f10x_tim.o(.text)
    TIM_GetCapture3                          0x08002585   Thumb Code     6  stm32f10x_tim.o(.text)
    TIM_GetCapture4                          0x0800258b   Thumb Code     8  stm32f10x_tim.o(.text)
    TIM_GetCounter                           0x08002593   Thumb Code     6  stm32f10x_tim.o(.text)
    TIM_GetPrescaler                         0x08002599   Thumb Code     6  stm32f10x_tim.o(.text)
    TIM_GetFlagStatus                        0x0800259f   Thumb Code    18  stm32f10x_tim.o(.text)
    TIM_ClearFlag                            0x080025b1   Thumb Code     6  stm32f10x_tim.o(.text)
    TIM_GetITStatus                          0x080025b7   Thumb Code    34  stm32f10x_tim.o(.text)
    TIM_ClearITPendingBit                    0x080025d9   Thumb Code     6  stm32f10x_tim.o(.text)
    DMA_DeInit                               0x080025e1   Thumb Code   324  stm32f10x_dma.o(.text)
    DMA_Init                                 0x08002725   Thumb Code    60  stm32f10x_dma.o(.text)
    DMA_StructInit                           0x08002761   Thumb Code    26  stm32f10x_dma.o(.text)
    DMA_Cmd                                  0x0800277b   Thumb Code    24  stm32f10x_dma.o(.text)
    DMA_ITConfig                             0x08002793   Thumb Code    18  stm32f10x_dma.o(.text)
    DMA_SetCurrDataCounter                   0x080027a5   Thumb Code     4  stm32f10x_dma.o(.text)
    DMA_GetCurrDataCounter                   0x080027a9   Thumb Code     8  stm32f10x_dma.o(.text)
    DMA_GetFlagStatus                        0x080027b1   Thumb Code    38  stm32f10x_dma.o(.text)
    DMA_ClearFlag                            0x080027d7   Thumb Code    22  stm32f10x_dma.o(.text)
    DMA_GetITStatus                          0x080027ed   Thumb Code    38  stm32f10x_dma.o(.text)
    DMA_ClearITPendingBit                    0x08002813   Thumb Code    22  stm32f10x_dma.o(.text)
    SI4432_ReadReg                           0x08002831   Thumb Code    44  si4432.o(.text)
    SI4432_WriteReg                          0x0800285d   Thumb Code    42  si4432.o(.text)
    SI4432_Init                              0x08002887   Thumb Code   418  si4432.o(.text)
    SI4432_GPIOSet                           0x08002a29   Thumb Code   314  si4432.o(.text)
    SI4432_Configuration                     0x08002b63   Thumb Code    50  si4432.o(.text)
    sending                                  0x08002b95   Thumb Code   238  si4432.o(.text)
    Enable_4432EXIT                          0x08002c83   Thumb Code    50  si4432.o(.text)
    Disable_4432EXIT                         0x08002cb5   Thumb Code    50  si4432.o(.text)
    delay_10us                               0x08002cf1   Thumb Code    22  base.o(.text)
    SendChar                                 0x08002d07   Thumb Code    34  base.o(.text)
    SendString                               0x08002d29   Thumb Code    24  base.o(.text)
    Send2Char                                0x08002d41   Thumb Code    34  base.o(.text)
    Send2String                              0x08002d63   Thumb Code    24  base.o(.text)
    Outint                                   0x08002d7b   Thumb Code   164  base.o(.text)
    DelayMs                                  0x08002e1f   Thumb Code    22  base.o(.text)
    MyExtiNvicInit                           0x08002e3d   Thumb Code   178  stm32init.o(.text)
    MyUsartInit                              0x08002eef   Thumb Code   162  stm32init.o(.text)
    MyRCCInit                                0x08002f91   Thumb Code    92  stm32init.o(.text)
    STM32_Init                               0x08002fed   Thumb Code    20  stm32init.o(.text)
    mySPI_Init                               0x08003001   Thumb Code   116  stm32init.o(.text)
    myEXIT_Init                              0x08003075   Thumb Code     2  stm32init.o(.text)
    MyLedInit                                0x08003077   Thumb Code    42  stm32init.o(.text)
    SI4432_GPIOInit                          0x080030a1   Thumb Code    88  stm32init.o(.text)
    SystemInit                               0x0800310d   Thumb Code     2  bsp.o(.text)
    RCCInit                                  0x0800310f   Thumb Code   116  bsp.o(.text)
    BSP_Init                                 0x08003183   Thumb Code    52  bsp.o(.text)
    MyFlagInit                               0x080031b7   Thumb Code    28  bsp.o(.text)
    MyTim3PWMInit                            0x080031d3   Thumb Code   128  bsp.o(.text)
    MyTIM1InterruptNvicInit                  0x08003253   Thumb Code    38  bsp.o(.text)
    MyTIM1CaptureInit                        0x08003279   Thumb Code   198  bsp.o(.text)
    DMA_Configuration                        0x0800333f   Thumb Code   220  bsp.o(.text)
    SysTickInit                              0x0800341b   Thumb Code    86  bsp.o(.text)
    Empty_Array                              0x080034a9   Thumb Code    22  encrypt.o(.text)
    Data_Encrypt                             0x080034bf   Thumb Code   230  encrypt.o(.text)
    Data_Decrypt                             0x080035a5   Thumb Code   222  encrypt.o(.text)
    Check_Id                                 0x08003683   Thumb Code    50  encrypt.o(.text)
    SI4432_Protocol                          0x080036b5   Thumb Code   678  encrypt.o(.text)
    SPI_WriteByte                            0x08003979   Thumb Code    80  spi.o(.text)
    SPI1_Init                                0x080039c9   Thumb Code   182  spi.o(.text)
    SPI2_ReadWriteByte                       0x08003a7f   Thumb Code    78  spi.o(.text)
    SPI2_Init                                0x08003acd   Thumb Code   128  spi.o(.text)
    SPI1_SetSpeed                            0x08003b4d   Thumb Code    36  spi.o(.text)
    spi_send_byte                            0x08003b71   Thumb Code    50  spi.o(.text)
    Flash_Write_Without_check                0x08003bb1   Thumb Code    50  dataflash.o(.text)
    Flash_Read                               0x08003be3   Thumb Code    22  dataflash.o(.text)
    Flash_Write                              0x08003bf9   Thumb Code   220  dataflash.o(.text)
    WatchDog_Init                            0x08003cd5   Thumb Code    28  iwatchdog.o(.text)
    WatchDog_Feed                            0x08003cf1   Thumb Code    10  iwatchdog.o(.text)
    NMI_Handler                              0x08003d01   Thumb Code     2  stm32f10x_it.o(.text)
    HardFault_Handler                        0x08003d03   Thumb Code     4  stm32f10x_it.o(.text)
    MemManage_Handler                        0x08003d07   Thumb Code     4  stm32f10x_it.o(.text)
    BusFault_Handler                         0x08003d0b   Thumb Code     4  stm32f10x_it.o(.text)
    UsageFault_Handler                       0x08003d0f   Thumb Code     4  stm32f10x_it.o(.text)
    SVC_Handler                              0x08003d13   Thumb Code     2  stm32f10x_it.o(.text)
    DebugMon_Handler                         0x08003d15   Thumb Code     2  stm32f10x_it.o(.text)
    SysTick_Handler                          0x08003d17   Thumb Code    34  stm32f10x_it.o(.text)
    USART1_IRQHandler                        0x08003d39   Thumb Code   460  stm32f10x_it.o(.text)
    USART2_IRQHandler                        0x08003f05   Thumb Code   174  stm32f10x_it.o(.text)
    DMA1_Channel6_IRQHandler                 0x08003fb3   Thumb Code    46  stm32f10x_it.o(.text)
    DMA1_Channel7_IRQHandler                 0x08003fe1   Thumb Code    36  stm32f10x_it.o(.text)
    TIM4_IRQHandler                          0x08004005   Thumb Code     2  stm32f10x_it.o(.text)
    TIM2_IRQHandler                          0x08004007   Thumb Code     2  stm32f10x_it.o(.text)
    TIM1_CC_IRQHandler                       0x08004009   Thumb Code    22  stm32f10x_it.o(.text)
    EXTI15_10_IRQHandler                     0x0800401f   Thumb Code    40  stm32f10x_it.o(.text)
    EXTI2_IRQHandler                         0x08004047   Thumb Code     2  stm32f10x_it.o(.text)
    main                                     0x08004085   Thumb Code    26  app.o(.text)
    SendIDProtocol                           0x080040a9   Thumb Code    74  protocol.o(.text)
    SendIDAck                                0x080040f3   Thumb Code   152  protocol.o(.text)
    SendProtocol                             0x0800418b   Thumb Code   160  protocol.o(.text)
    Send_IRcmd                               0x0800422b   Thumb Code   104  protocol.o(.text)
    Send_Stop                                0x08004293   Thumb Code    64  protocol.o(.text)
    Send_LenStop                             0x080042d3   Thumb Code    64  protocol.o(.text)
    Send_IRLenData                           0x08004313   Thumb Code   164  protocol.o(.text)
    ReV_CH361ReVProtocol                     0x080043b7   Thumb Code   654  protocol.o(.text)
    TaskProtocol                             0x08004659   Thumb Code   128  taskprotocol.o(.text)
    TaskProtoSend                            0x080046fd   Thumb Code   496  taskprotosend.o(.text)
    TaskTest                                 0x08004949   Thumb Code   580  tasktest.o(.text)
    TaskSet                                  0x08004be5   Thumb Code   430  taskset.o(.text)
    TaskSi4432Read                           0x08004e05   Thumb Code   220  tasksi4432read.o(.text)
    SendTenZero                              0x08004efd   Thumb Code    60  taskct361snderr.o(.text)
    TaskCT361SndErr                          0x08004f39   Thumb Code    92  taskct361snderr.o(.text)
    OS_StrCopy                               0x08004ff1   Thumb Code    28  os_core.o(.text)
    OSEventNameGet                           0x0800500d   Thumb Code   126  os_core.o(.text)
    OS_StrLen                                0x0800508b   Thumb Code    20  os_core.o(.text)
    OSEventNameSet                           0x0800509f   Thumb Code   140  os_core.o(.text)
    OS_EventTaskRemoveMulti                  0x0800512b   Thumb Code    60  os_core.o(.text)
    OS_Sched                                 0x08005181   Thumb Code    86  os_core.o(.text)
    OS_EventTaskWaitMulti                    0x080051d7   Thumb Code   136  os_core.o(.text)
    OSEventPendMulti                         0x0800525f   Thumb Code   762  os_core.o(.text)
    OS_TaskStatStkChk                        0x08005559   Thumb Code    54  os_core.o(.text)
    OS_TaskStat                              0x0800558f   Thumb Code   114  os_core.o(.text)
    OS_TaskIdle                              0x08005635   Thumb Code    32  os_core.o(.text)
    OS_MemClr                                0x08005689   Thumb Code    18  os_core.o(.text)
    OSInit                                   0x08005791   Thumb Code    48  os_core.o(.text)
    OSIntEnter                               0x080057c1   Thumb Code    28  os_core.o(.text)
    OSIntExit                                0x080057dd   Thumb Code   252  os_core.o(.text)
    OSSchedLock                              0x080058d9   Thumb Code    50  os_core.o(.text)
    OSSchedUnlock                            0x0800590b   Thumb Code    84  os_core.o(.text)
    OSStart                                  0x0800595f   Thumb Code    48  os_core.o(.text)
    OSStatInit                               0x0800598f   Thumb Code    62  os_core.o(.text)
    OSTimeTick                               0x080059cd   Thumb Code   220  os_core.o(.text)
    OSVersion                                0x08005aa9   Thumb Code     6  os_core.o(.text)
    OS_Dummy                                 0x08005aaf   Thumb Code     2  os_core.o(.text)
    OS_EventTaskRemove                       0x08005ab1   Thumb Code    42  os_core.o(.text)
    OS_EventTaskRdy                          0x08005adb   Thumb Code   132  os_core.o(.text)
    OS_EventTaskWait                         0x08005b5f   Thumb Code   112  os_core.o(.text)
    OS_EventWaitListInit                     0x08005bcf   Thumb Code    28  os_core.o(.text)
    OS_MemCopy                               0x08005beb   Thumb Code    20  os_core.o(.text)
    OS_TCBInit                               0x08005bff   Thumb Code   356  os_core.o(.text)
    OSFlagAccept                             0x08005d71   Thumb Code   268  os_flag.o(.text)
    OSFlagCreate                             0x08005e7d   Thumb Code    98  os_flag.o(.text)
    OS_FlagUnlink                            0x08005edf   Thumb Code    36  os_flag.o(.text)
    OSFlagDel                                0x08005f63   Thumb Code   240  os_flag.o(.text)
    OSFlagNameGet                            0x08006053   Thumb Code   108  os_flag.o(.text)
    OSFlagNameSet                            0x080060bf   Thumb Code   122  os_flag.o(.text)
    OSFlagPend                               0x080061d1   Thumb Code   630  os_flag.o(.text)
    OSFlagPendGetFlagsRdy                    0x08006447   Thumb Code    26  os_flag.o(.text)
    OSFlagPost                               0x08006461   Thumb Code   326  os_flag.o(.text)
    OSFlagQuery                              0x080065a7   Thumb Code    64  os_flag.o(.text)
    OS_FlagInit                              0x080065e7   Thumb Code    70  os_flag.o(.text)
    OSQAccept                                0x08006639   Thumb Code   106  os_q.o(.text)
    OSQCreate                                0x080066a3   Thumb Code   150  os_q.o(.text)
    OSQDel                                   0x08006739   Thumb Code   270  os_q.o(.text)
    OSQFlush                                 0x08006847   Thumb Code    52  os_q.o(.text)
    OSQPend                                  0x0800687b   Thumb Code   300  os_q.o(.text)
    OSQPendAbort                             0x080069a7   Thumb Code   142  os_q.o(.text)
    OSQPost                                  0x08006a35   Thumb Code   144  os_q.o(.text)
    OSQPostFront                             0x08006ac5   Thumb Code   122  os_q.o(.text)
    OSQPostOpt                               0x08006b3f   Thumb Code   188  os_q.o(.text)
    OSQQuery                                 0x08006bfb   Thumb Code   112  os_q.o(.text)
    OS_QInit                                 0x08006c6b   Thumb Code    48  os_q.o(.text)
    OSSemAccept                              0x08006ca5   Thumb Code    50  os_sem.o(.text)
    OSSemCreate                              0x08006cd7   Thumb Code    78  os_sem.o(.text)
    OSSemDel                                 0x08006d25   Thumb Code   236  os_sem.o(.text)
    OSSemPend                                0x08006e11   Thumb Code   246  os_sem.o(.text)
    OSSemPendAbort                           0x08006f07   Thumb Code   142  os_sem.o(.text)
    OSSemPost                                0x08006f95   Thumb Code    94  os_sem.o(.text)
    OSSemQuery                               0x08006ff3   Thumb Code    94  os_sem.o(.text)
    OSSemSet                                 0x08007051   Thumb Code    80  os_sem.o(.text)
    OSTaskChangePrio                         0x080070b1   Thumb Code   420  os_task.o(.text)
    OSTaskCreate                             0x08007255   Thumb Code   158  os_task.o(.text)
    OS_TaskStkClr                            0x080072f3   Thumb Code    26  os_task.o(.text)
    OSTaskCreateExt                          0x0800730d   Thumb Code   180  os_task.o(.text)
    OSTaskDel                                0x080073c1   Thumb Code   368  os_task.o(.text)
    OSTaskDelReq                             0x08007531   Thumb Code   112  os_task.o(.text)
    OSTaskNameGet                            0x080075a1   Thumb Code   148  os_task.o(.text)
    OSTaskNameSet                            0x08007635   Thumb Code   160  os_task.o(.text)
    OSTaskResume                             0x080076d5   Thumb Code   168  os_task.o(.text)
    OSTaskStkChk                             0x0800777d   Thumb Code   150  os_task.o(.text)
    OSTaskSuspend                            0x08007813   Thumb Code   172  os_task.o(.text)
    OSTaskQuery                              0x080078bf   Thumb Code   128  os_task.o(.text)
    OSTimeDly                                0x08007941   Thumb Code    96  os_time.o(.text)
    OSTimeDlyHMSM                            0x080079a1   Thumb Code   160  os_time.o(.text)
    OSTimeDlyResume                          0x08007a41   Thumb Code   176  os_time.o(.text)
    OSTimeGet                                0x08007af1   Thumb Code    24  os_time.o(.text)
    OSTimeSet                                0x08007b09   Thumb Code    24  os_time.o(.text)
    OS_CPU_SR_Save                           0x08007b39   Thumb Code     0  os_cpu_a.o(.text)
    OS_CPU_SR_Restore                        0x08007b41   Thumb Code     0  os_cpu_a.o(.text)
    OSStartHighRdy                           0x08007b47   Thumb Code     0  os_cpu_a.o(.text)
    OSCtxSw                                  0x08007b67   Thumb Code     0  os_cpu_a.o(.text)
    OSIntCtxSw                               0x08007b71   Thumb Code     0  os_cpu_a.o(.text)
    PendSV_Handler                           0x08007b7b   Thumb Code     0  os_cpu_a.o(.text)
    OSInitHookBegin                          0x08007bdd   Thumb Code     2  os_cpu_c.o(.text)
    OSInitHookEnd                            0x08007bdf   Thumb Code     2  os_cpu_c.o(.text)
    OSTaskCreateHook                         0x08007be1   Thumb Code     2  os_cpu_c.o(.text)
    OSTaskDelHook                            0x08007be3   Thumb Code     2  os_cpu_c.o(.text)
    OSTaskIdleHook                           0x08007be5   Thumb Code     2  os_cpu_c.o(.text)
    OSTaskStatHook                           0x08007be7   Thumb Code     2  os_cpu_c.o(.text)
    OSTaskStkInit                            0x08007be9   Thumb Code   154  os_cpu_c.o(.text)
    OSTaskSwHook                             0x08007c83   Thumb Code     2  os_cpu_c.o(.text)
    OSTCBInitHook                            0x08007c85   Thumb Code     2  os_cpu_c.o(.text)
    OSTimeTickHook                           0x08007c87   Thumb Code     2  os_cpu_c.o(.text)
    OSDebugInit                              0x08007c89   Thumb Code    94  os_dbg.o(.text)
    srand                                    0x08007d9d   Thumb Code    42  rand.o(.text)
    _rand_init                               0x08007dc7   Thumb Code     4  rand.o(.text)
    memcmp                                   0x08007dd9   Thumb Code    88  memcmp.o(.text)
    __use_two_region_memory                  0x08007e31   Thumb Code     2  heapauxi.o(.text)
    __rt_heap_escrow$2region                 0x08007e33   Thumb Code     2  heapauxi.o(.text)
    __rt_heap_expand$2region                 0x08007e35   Thumb Code     2  heapauxi.o(.text)
    __user_setup_stackheap                   0x08007e37   Thumb Code    74  sys_stackheap_outer.o(.text)
    exit                                     0x08007e81   Thumb Code    12  exit.o(.text)
    __user_libspace                          0x08007e8d   Thumb Code     8  libspace.o(.text)
    __user_perproc_libspace                  0x08007e8d   Thumb Code     0  libspace.o(.text)
    __user_perthread_libspace                0x08007e8d   Thumb Code     0  libspace.o(.text)
    __I$use$semihosting                      0x08007e95   Thumb Code     0  use_no_semi.o(.text)
    __use_no_semihosting_swi                 0x08007e95   Thumb Code     2  use_no_semi.o(.text)
    __semihosting_library_function           0x08007e97   Thumb Code     0  indicate_semi.o(.text)
    _sys_exit                                0x08007e99   Thumb Code     8  sys_exit.o(.text)
    Roll_key                                 0x08007ea4   Data         256  encrypt.o(.constdata)
    OSUnMapTbl                               0x08007fa4   Data         256  os_core.o(.constdata)
    OSDebugEn                                0x080080a4   Data           2  os_dbg.o(.constdata)
    OSEndiannessTest                         0x080080a8   Data           4  os_dbg.o(.constdata)
    OSEventMax                               0x080080ac   Data           2  os_dbg.o(.constdata)
    OSEventNameSize                          0x080080ae   Data           2  os_dbg.o(.constdata)
    OSEventEn                                0x080080b0   Data           2  os_dbg.o(.constdata)
    OSEventSize                              0x080080b2   Data           2  os_dbg.o(.constdata)
    OSEventTblSize                           0x080080b4   Data           2  os_dbg.o(.constdata)
    OSFlagEn                                 0x080080b6   Data           2  os_dbg.o(.constdata)
    OSFlagGrpSize                            0x080080b8   Data           2  os_dbg.o(.constdata)
    OSFlagNodeSize                           0x080080ba   Data           2  os_dbg.o(.constdata)
    OSFlagWidth                              0x080080bc   Data           2  os_dbg.o(.constdata)
    OSFlagMax                                0x080080be   Data           2  os_dbg.o(.constdata)
    OSFlagNameSize                           0x080080c0   Data           2  os_dbg.o(.constdata)
    OSLowestPrio                             0x080080c2   Data           2  os_dbg.o(.constdata)
    OSMboxEn                                 0x080080c4   Data           2  os_dbg.o(.constdata)
    OSMemEn                                  0x080080c6   Data           2  os_dbg.o(.constdata)
    OSMemMax                                 0x080080c8   Data           2  os_dbg.o(.constdata)
    OSMemNameSize                            0x080080ca   Data           2  os_dbg.o(.constdata)
    OSMemSize                                0x080080cc   Data           2  os_dbg.o(.constdata)
    OSMemTblSize                             0x080080ce   Data           2  os_dbg.o(.constdata)
    OSMutexEn                                0x080080d0   Data           2  os_dbg.o(.constdata)
    OSPtrSize                                0x080080d2   Data           2  os_dbg.o(.constdata)
    OSQEn                                    0x080080d4   Data           2  os_dbg.o(.constdata)
    OSQMax                                   0x080080d6   Data           2  os_dbg.o(.constdata)
    OSQSize                                  0x080080d8   Data           2  os_dbg.o(.constdata)
    OSRdyTblSize                             0x080080da   Data           2  os_dbg.o(.constdata)
    OSSemEn                                  0x080080dc   Data           2  os_dbg.o(.constdata)
    OSStkWidth                               0x080080de   Data           2  os_dbg.o(.constdata)
    OSTaskCreateEn                           0x080080e0   Data           2  os_dbg.o(.constdata)
    OSTaskCreateExtEn                        0x080080e2   Data           2  os_dbg.o(.constdata)
    OSTaskDelEn                              0x080080e4   Data           2  os_dbg.o(.constdata)
    OSTaskIdleStkSize                        0x080080e6   Data           2  os_dbg.o(.constdata)
    OSTaskProfileEn                          0x080080e8   Data           2  os_dbg.o(.constdata)
    OSTaskMax                                0x080080ea   Data           2  os_dbg.o(.constdata)
    OSTaskNameSize                           0x080080ec   Data           2  os_dbg.o(.constdata)
    OSTaskStatEn                             0x080080ee   Data           2  os_dbg.o(.constdata)
    OSTaskStatStkSize                        0x080080f0   Data           2  os_dbg.o(.constdata)
    OSTaskStatStkChkEn                       0x080080f2   Data           2  os_dbg.o(.constdata)
    OSTaskSwHookEn                           0x080080f4   Data           2  os_dbg.o(.constdata)
    OSTCBPrioTblMax                          0x080080f6   Data           2  os_dbg.o(.constdata)
    OSTCBSize                                0x080080f8   Data           2  os_dbg.o(.constdata)
    OSTicksPerSec                            0x080080fa   Data           2  os_dbg.o(.constdata)
    OSTimeTickHookEn                         0x080080fc   Data           2  os_dbg.o(.constdata)
    OSVersionNbr                             0x080080fe   Data           2  os_dbg.o(.constdata)
    OSDataSize                               0x08008100   Data           2  os_dbg.o(.constdata)
    Region$$Table$$Base                      0x08008104   Number         0  anon$$obj.o(Region$$Table)
    Region$$Table$$Limit                     0x08008124   Number         0  anon$$obj.o(Region$$Table)
    aa                                       0x20000014   Data           1  si4432.o(.data)
    SI4432_RxCount                           0x20000015   Data           1  si4432.o(.data)
    ItStatus1                                0x20000016   Data           1  si4432.o(.data)
    ItStatus2                                0x20000017   Data           1  si4432.o(.data)
    res                                      0x20000018   Data           1  si4432.o(.data)
    si4432_rev_en                            0x20000019   Data           1  si4432.o(.data)
    Flag                                     0x2000001a   Data           1  base.o(.data)
    test_charger                             0x20000020   Data          18  encrypt.o(.data)
    si4432cmd_senddata                       0x20000032   Data          18  encrypt.o(.data)
    Master_TBDATA                            0x20000048   Data           8  encrypt.o(.data)
    Send_Legth                               0x20000050   Data           1  encrypt.o(.data)
    Learn_4432_Cmd                           0x20000051   Data           1  encrypt.o(.data)
    SI4432p                                  0x20000054   Data           4  encrypt.o(.data)
    test_roll_list                           0x20000059   Data           1  encrypt.o(.data)
    checkID_data                             0x2000005a   Data           4  encrypt.o(.data)
    falgrx                                   0x20000060   Data           4  encrypt.o(.data)
    si4432_buff1                             0x20000064   Data           3  encrypt.o(.data)
    si4432_buff2                             0x20000067   Data           3  encrypt.o(.data)
    si4432_buff3                             0x2000006a   Data           3  encrypt.o(.data)
    Ir_REV_OK                                0x20000070   Data           1  stm32f10x_it.o(.data)
    u1RecvCh                                 0x20000071   Data           1  stm32f10x_it.o(.data)
    u1p                                      0x20000074   Data           4  stm32f10x_it.o(.data)
    u1BufferSwitch                           0x20000078   Data           1  stm32f10x_it.o(.data)
    u2RecvCh                                 0x20000079   Data           1  stm32f10x_it.o(.data)
    u2p                                      0x2000007c   Data           4  stm32f10x_it.o(.data)
    u2BufferSwitch                           0x20000080   Data           1  stm32f10x_it.o(.data)
    USART2_TX_Finish                         0x20000081   Data           1  stm32f10x_it.o(.data)
    ProtocolMBox                             0x20000084   Data           4  app.o(.data)
    ProtoSendMBox                            0x20000088   Data           4  app.o(.data)
    TestMBox                                 0x2000008c   Data           4  app.o(.data)
    Si4432ReadMBox                           0x20000090   Data           4  app.o(.data)
    CT361SndErrMbox                          0x20000094   Data           4  app.o(.data)
    CT361SndErrSemp                          0x20000098   Data           4  app.o(.data)
    gACK                                     0x2000009c   Data           8  app.o(.data)
    protosend_buf                            0x200000a4   Data           3  taskprotosend.o(.data)
    learn_switch                             0x200000ab   Data           1  tasktest.o(.data)
    learn_KeyCode                            0x200000ac   Data           1  tasktest.o(.data)
    learn_DeviceName                         0x200000ad   Data           1  tasktest.o(.data)
    learn_cmd                                0x200000ae   Data           1  tasktest.o(.data)
    Learn_State                              0x200000af   Data           1  tasktest.o(.data)
    MY_ID                                    0x200000b0   Data           4  taskset.o(.data)
    Timout_Count                             0x200000b4   Data           2  taskset.o(.data)
    Timout_Count2                            0x200000b6   Data           2  taskset.o(.data)
    flag                                     0x200000b8   Data           1  taskset.o(.data)
    Protocolrev_en                           0x200000b9   Data           1  tasksi4432read.o(.data)
    OSCtxSwCtr                               0x200000bc   Data           4  os_core.o(.data)
    OSEventFreeList                          0x200000c0   Data           4  os_core.o(.data)
    OSFlagFreeList                           0x200000c4   Data           4  os_core.o(.data)
    OSCPUUsage                               0x200000c8   Data           1  os_core.o(.data)
    OSIdleCtrMax                             0x200000cc   Data           4  os_core.o(.data)
    OSIdleCtrRun                             0x200000d0   Data           4  os_core.o(.data)
    OSStatRdy                                0x200000d4   Data           1  os_core.o(.data)
    OSIntNesting                             0x200000d5   Data           1  os_core.o(.data)
    OSLockNesting                            0x200000d6   Data           1  os_core.o(.data)
    OSPrioCur                                0x200000d7   Data           1  os_core.o(.data)
    OSPrioHighRdy                            0x200000d8   Data           1  os_core.o(.data)
    OSRdyGrp                                 0x200000d9   Data           1  os_core.o(.data)
    OSRdyTbl                                 0x200000da   Data           3  os_core.o(.data)
    OSRunning                                0x200000dd   Data           1  os_core.o(.data)
    OSTaskCtr                                0x200000de   Data           1  os_core.o(.data)
    OSIdleCtr                                0x200000e0   Data           4  os_core.o(.data)
    OSTCBCur                                 0x200000e4   Data           4  os_core.o(.data)
    OSTCBFreeList                            0x200000e8   Data           4  os_core.o(.data)
    OSTCBHighRdy                             0x200000ec   Data           4  os_core.o(.data)
    OSTCBList                                0x200000f0   Data           4  os_core.o(.data)
    OSTickStepState                          0x200000f4   Data           1  os_core.o(.data)
    OSQFreeList                              0x200000f8   Data           4  os_core.o(.data)
    OSTime                                   0x200000fc   Data           4  os_core.o(.data)
    SI4432_RxBUFF                            0x20000100   Data          20  si4432.o(.bss)
    recieve_data                             0x20000114   Data          18  encrypt.o(.bss)
    send_data                                0x20000126   Data          18  encrypt.o(.bss)
    USART2_SEND_DATA                         0x20000138   Data         220  stm32f10x_it.o(.bss)
    USART2_RECEIVE_DATA                      0x20000214   Data         220  stm32f10x_it.o(.bss)
    gSysState                                0x200002f0   Data          12  app.o(.bss)
    TaskProtocolStk                          0x200002fc   Data        1200  app.o(.bss)
    ProtocolQBuff                            0x200007ac   Data          80  app.o(.bss)
    TaskProtoSendStk                         0x200007fc   Data        2048  app.o(.bss)
    ProtoSendQBuff                           0x20000ffc   Data          80  app.o(.bss)
    TaskTestStk                              0x2000104c   Data        2048  app.o(.bss)
    TestQBuff                                0x2000184c   Data          40  app.o(.bss)
    TaskSetStk                               0x20001874   Data        2048  app.o(.bss)
    TaskSi4432ReadStk                        0x20002074   Data        2048  app.o(.bss)
    Si4432ReadQBuff                          0x20002874   Data         120  app.o(.bss)
    TaskCT361SndErrStk                       0x200028ec   Data         400  app.o(.bss)
    CT361SndErrQBuff                         0x20002a7c   Data          40  app.o(.bss)
    gU1RecvBuff                              0x20002aa4   Data          32  app.o(.bss)
    gU2RecvBuff                              0x20002ac4   Data         430  app.o(.bss)
    SI4432RecvBuff                           0x20002c72   Data          28  app.o(.bss)
    ct361_Buffer                             0x20002c8e   Data         208  tasktest.o(.bss)
    OSEventTbl                               0x20002d60   Data         640  os_core.o(.bss)
    OSFlagTbl                                0x20002fe0   Data         336  os_core.o(.bss)
    OSTaskStatStk                            0x20003130   Data         512  os_core.o(.bss)
    OSTaskIdleStk                            0x20003330   Data         512  os_core.o(.bss)
    OSTCBPrioTbl                             0x20003530   Data          84  os_core.o(.bss)
    OSTCBTbl                                 0x20003584   Data        1932  os_core.o(.bss)
    OSQTbl                                   0x20003d10   Data         288  os_core.o(.bss)
    _random_number_data                      0x20003e30   Data         228  rand.o(.bss)
    __libspace_start                         0x20003f14   Data          96  libspace.o(.bss)
    __temporary_stack_top$libspace           0x20003f74   Data           0  libspace.o(.bss)



==============================================================================

Memory Map of the image

  Image Entry point : 0x080000ed

  Load Region LR_IROM1 (Base: 0x08000000, Size: 0x00008224, Max: 0x00010000, ABSOLUTE)

    Execution Region ER_IROM1 (Base: 0x08000000, Size: 0x00008124, Max: 0x00010000, ABSOLUTE)

    Base Addr    Size         Type   Attr      Idx    E Section Name        Object

    0x08000000   0x000000ec   Data   RO            3    RESET               startup_stm32f10x_md.o
    0x080000ec   0x00000008   Code   RO          781  * !!!main             c_w.l(__main.o)
    0x080000f4   0x00000034   Code   RO          935    !!!scatter          c_w.l(__scatter.o)
    0x08000128   0x0000001a   Code   RO          937    !!handler_copy      c_w.l(__scatter_copy.o)
    0x08000142   0x00000002   PAD
    0x08000144   0x0000001c   Code   RO          939    !!handler_zi        c_w.l(__scatter_zi.o)
    0x08000160   0x00000002   Code   RO          859    .ARM.Collect$$libinit$$00000000  c_w.l(libinit.o)
    0x08000162   0x00000000   Code   RO          785    .ARM.Collect$$libinit$$00000002  c_w.l(libinit2.o)
    0x08000162   0x00000000   Code   RO          788    .ARM.Collect$$libinit$$00000008  c_w.l(libinit2.o)
    0x08000162   0x00000000   Code   RO          790    .ARM.Collect$$libinit$$0000000A  c_w.l(libinit2.o)
    0x08000162   0x00000004   Code   RO          791    .ARM.Collect$$libinit$$0000000B  c_w.l(libinit2.o)
    0x08000166   0x00000000   Code   RO          792    .ARM.Collect$$libinit$$0000000C  c_w.l(libinit2.o)
    0x08000166   0x00000000   Code   RO          795    .ARM.Collect$$libinit$$0000000F  c_w.l(libinit2.o)
    0x08000166   0x00000000   Code   RO          797    .ARM.Collect$$libinit$$00000011  c_w.l(libinit2.o)
    0x08000166   0x00000000   Code   RO          799    .ARM.Collect$$libinit$$00000013  c_w.l(libinit2.o)
    0x08000166   0x00000000   Code   RO          801    .ARM.Collect$$libinit$$00000015  c_w.l(libinit2.o)
    0x08000166   0x00000000   Code   RO          803    .ARM.Collect$$libinit$$00000017  c_w.l(libinit2.o)
    0x08000166   0x00000000   Code   RO          805    .ARM.Collect$$libinit$$00000019  c_w.l(libinit2.o)
    0x08000166   0x00000000   Code   RO          807    .ARM.Collect$$libinit$$0000001B  c_w.l(libinit2.o)
    0x08000166   0x00000000   Code   RO          809    .ARM.Collect$$libinit$$0000001D  c_w.l(libinit2.o)
    0x08000166   0x00000000   Code   RO          811    .ARM.Collect$$libinit$$0000001F  c_w.l(libinit2.o)
    0x08000166   0x00000000   Code   RO          813    .ARM.Collect$$libinit$$00000021  c_w.l(libinit2.o)
    0x08000166   0x00000000   Code   RO          815    .ARM.Collect$$libinit$$00000023  c_w.l(libinit2.o)
    0x08000166   0x00000000   Code   RO          819    .ARM.Collect$$libinit$$0000002A  c_w.l(libinit2.o)
    0x08000166   0x00000000   Code   RO          821    .ARM.Collect$$libinit$$0000002C  c_w.l(libinit2.o)
    0x08000166   0x00000000   Code   RO          823    .ARM.Collect$$libinit$$0000002E  c_w.l(libinit2.o)
    0x08000166   0x00000000   Code   RO          825    .ARM.Collect$$libinit$$00000030  c_w.l(libinit2.o)
    0x08000166   0x00000002   Code   RO          826    .ARM.Collect$$libinit$$00000031  c_w.l(libinit2.o)
    0x08000168   0x00000002   Code   RO          897    .ARM.Collect$$libshutdown$$00000000  c_w.l(libshutdown.o)
    0x0800016a   0x00000000   Code   RO          904    .ARM.Collect$$libshutdown$$00000003  c_w.l(libshutdown2.o)
    0x0800016a   0x00000000   Code   RO          907    .ARM.Collect$$libshutdown$$00000006  c_w.l(libshutdown2.o)
    0x0800016a   0x00000000   Code   RO          910    .ARM.Collect$$libshutdown$$00000009  c_w.l(libshutdown2.o)
    0x0800016a   0x00000000   Code   RO          912    .ARM.Collect$$libshutdown$$0000000B  c_w.l(libshutdown2.o)
    0x0800016a   0x00000000   Code   RO          915    .ARM.Collect$$libshutdown$$0000000E  c_w.l(libshutdown2.o)
    0x0800016a   0x00000002   Code   RO          916    .ARM.Collect$$libshutdown$$0000000F  c_w.l(libshutdown2.o)
    0x0800016c   0x00000000   Code   RO          783    .ARM.Collect$$rtentry$$00000000  c_w.l(rtentry.o)
    0x0800016c   0x00000000   Code   RO          828    .ARM.Collect$$rtentry$$00000002  c_w.l(rtentry2.o)
    0x0800016c   0x00000006   Code   RO          840    .ARM.Collect$$rtentry$$00000004  c_w.l(rtentry4.o)
    0x08000172   0x00000000   Code   RO          830    .ARM.Collect$$rtentry$$00000009  c_w.l(rtentry2.o)
    0x08000172   0x00000004   Code   RO          831    .ARM.Collect$$rtentry$$0000000A  c_w.l(rtentry2.o)
    0x08000176   0x00000000   Code   RO          833    .ARM.Collect$$rtentry$$0000000C  c_w.l(rtentry2.o)
    0x08000176   0x00000008   Code   RO          834    .ARM.Collect$$rtentry$$0000000D  c_w.l(rtentry2.o)
    0x0800017e   0x00000002   Code   RO          865    .ARM.Collect$$rtexit$$00000000  c_w.l(rtexit.o)
    0x08000180   0x00000000   Code   RO          877    .ARM.Collect$$rtexit$$00000002  c_w.l(rtexit2.o)
    0x08000180   0x00000004   Code   RO          878    .ARM.Collect$$rtexit$$00000003  c_w.l(rtexit2.o)
    0x08000184   0x00000006   Code   RO          879    .ARM.Collect$$rtexit$$00000004  c_w.l(rtexit2.o)
    0x0800018a   0x00000002   PAD
    0x0800018c   0x00000034   Code   RO          772    .emb_text           c_w.l(rand.o)
    0x080001c0   0x00000040   Code   RO            4    .text               startup_stm32f10x_md.o
    0x08000200   0x000000dc   Code   RO           24    .text               misc.o
    0x080002dc   0x0000011c   Code   RO          107    .text               stm32f10x_exti.o
    0x080003f8   0x00000358   Code   RO          134    .text               stm32f10x_gpio.o
    0x08000750   0x000003a4   Code   RO          146    .text               stm32f10x_rcc.o
    0x08000af4   0x0000030c   Code   RO          160    .text               stm32f10x_spi.o
    0x08000e00   0x00000408   Code   RO          172    .text               stm32f10x_usart.o
    0x08001208   0x000005bc   Code   RO          184    .text               stm32f10x_flash.o
    0x080017c4   0x00000e1a   Code   RO          196    .text               stm32f10x_tim.o
    0x080025de   0x00000002   PAD
    0x080025e0   0x00000250   Code   RO          208    .text               stm32f10x_dma.o
    0x08002830   0x000004c0   Code   RO          220    .text               si4432.o
    0x08002cf0   0x0000014c   Code   RO          310    .text               base.o
    0x08002e3c   0x000002d0   Code   RO          332    .text               stm32init.o
    0x0800310c   0x0000039c   Code   RO          354    .text               bsp.o
    0x080034a8   0x000004d0   Code   RO          370    .text               encrypt.o
    0x08003978   0x00000238   Code   RO          391    .text               spi.o
    0x08003bb0   0x00000124   Code   RO          403    .text               dataflash.o
    0x08003cd4   0x0000002c   Code   RO          415    .text               iwatchdog.o
    0x08003d00   0x00000384   Code   RO          427    .text               stm32f10x_it.o
    0x08004084   0x00000024   Code   RO          467    .text               app.o
    0x080040a8   0x000005b0   Code   RO          505    .text               protocol.o
    0x08004658   0x000000a4   Code   RO          521    .text               taskprotocol.o
    0x080046fc   0x0000024c   Code   RO          533    .text               taskprotosend.o
    0x08004948   0x0000029c   Code   RO          548    .text               tasktest.o
    0x08004be4   0x00000220   Code   RO          569    .text               taskset.o
    0x08004e04   0x000000f8   Code   RO          592    .text               tasksi4432read.o
    0x08004efc   0x000000f4   Code   RO          607    .text               taskct361snderr.o
    0x08004ff0   0x00000d80   Code   RO          619    .text               os_core.o
    0x08005d70   0x000008c8   Code   RO          639    .text               os_flag.o
    0x08006638   0x0000066c   Code   RO          675    .text               os_q.o
    0x08006ca4   0x0000040c   Code   RO          687    .text               os_sem.o
    0x080070b0   0x0000088e   Code   RO          699    .text               os_task.o
    0x0800793e   0x00000002   PAD
    0x08007940   0x000001f8   Code   RO          711    .text               os_time.o
    0x08007b38   0x000000a4   Code   RO          729    .text               os_cpu_a.o
    0x08007bdc   0x000000ac   Code   RO          732    .text               os_cpu_c.o
    0x08007c88   0x00000114   Code   RO          755    .text               os_dbg.o
    0x08007d9c   0x0000003c   Code   RO          773    .text               c_w.l(rand.o)
    0x08007dd8   0x00000058   Code   RO          777    .text               c_w.l(memcmp.o)
    0x08007e30   0x00000006   Code   RO          779    .text               c_w.l(heapauxi.o)
    0x08007e36   0x0000004a   Code   RO          846    .text               c_w.l(sys_stackheap_outer.o)
    0x08007e80   0x0000000c   Code   RO          848    .text               c_w.l(exit.o)
    0x08007e8c   0x00000008   Code   RO          862    .text               c_w.l(libspace.o)
    0x08007e94   0x00000002   Code   RO          873    .text               c_w.l(use_no_semi.o)
    0x08007e96   0x00000000   Code   RO          875    .text               c_w.l(indicate_semi.o)
    0x08007e96   0x00000002   PAD
    0x08007e98   0x0000000c   Code   RO          889    .text               c_w.l(sys_exit.o)
    0x08007ea4   0x00000100   Data   RO          372    .constdata          encrypt.o
    0x08007fa4   0x00000100   Data   RO          621    .constdata          os_core.o
    0x080080a4   0x0000005e   Data   RO          756    .constdata          os_dbg.o
    0x08008102   0x00000002   PAD
    0x08008104   0x00000020   Data   RO          933    Region$$Table       anon$$obj.o


    Execution Region RW_IRAM1 (Base: 0x20000000, Size: 0x00004578, Max: 0x00005000, ABSOLUTE)

    Base Addr    Size         Type   Attr      Idx    E Section Name        Object

    0x20000000   0x00000014   Data   RW          147    .data               stm32f10x_rcc.o
    0x20000014   0x00000006   Data   RW          222    .data               si4432.o
    0x2000001a   0x00000001   Data   RW          311    .data               base.o
    0x2000001b   0x00000005   PAD
    0x20000020   0x0000004d   Data   RW          373    .data               encrypt.o
    0x2000006d   0x00000003   PAD
    0x20000070   0x00000013   Data   RW          429    .data               stm32f10x_it.o
    0x20000083   0x00000001   PAD
    0x20000084   0x00000020   Data   RW          469    .data               app.o
    0x200000a4   0x00000007   Data   RW          534    .data               taskprotosend.o
    0x200000ab   0x00000005   Data   RW          550    .data               tasktest.o
    0x200000b0   0x00000009   Data   RW          570    .data               taskset.o
    0x200000b9   0x00000001   Data   RW          593    .data               tasksi4432read.o
    0x200000ba   0x00000002   PAD
    0x200000bc   0x00000044   Data   RW          622    .data               os_core.o
    0x20000100   0x00000014   Zero   RW          221    .bss                si4432.o
    0x20000114   0x00000024   Zero   RW          371    .bss                encrypt.o
    0x20000138   0x000001b8   Zero   RW          428    .bss                stm32f10x_it.o
    0x200002f0   0x0000299e   Zero   RW          468    .bss                app.o
    0x20002c8e   0x000000d0   Zero   RW          549    .bss                tasktest.o
    0x20002d5e   0x00000002   PAD
    0x20002d60   0x000010d0   Zero   RW          620    .bss                os_core.o
    0x20003e30   0x000000e4   Zero   RW          774    .bss                c_w.l(rand.o)
    0x20003f14   0x00000060   Zero   RW          863    .bss                c_w.l(libspace.o)
    0x20003f74   0x00000004   PAD
    0x20003f78   0x00000200   Zero   RW            2    HEAP                startup_stm32f10x_md.o
    0x20004178   0x00000400   Zero   RW            1    STACK               startup_stm32f10x_md.o


==============================================================================

Image component sizes


      Code (inc. data)   RO Data    RW Data    ZI Data      Debug   Object Name

        36         10          0         32      10654       4225   app.o
       332         18          0          1          0       2577   base.o
       924         56          0          0          0      17522   bsp.o
         0          0          0          0          0       4212   core_cm3.o
       292          0          0          0          0       1967   dataflash.o
      1232        120        256         77         36       5673   encrypt.o
        44          6          0          0          0        638   iwatchdog.o
       220         20          0          0          0     274073   misc.o
      3456        288        256         68       4304      19211   os_core.o
       164         32          0          0          0        288   os_cpu_a.o
       172          0          0          0          0      12077   os_cpu_c.o
       276        182         94          0          0       2849   os_dbg.o
      2248         38          0          0          0       6948   os_flag.o
      1644         32          0          0          0       5677   os_q.o
      1036         16          0          0          0       3946   os_sem.o
      2190         66          0          0          0       7029   os_task.o
       504         24          0          0          0       1862   os_time.o
      1456         96          0          0          0       4832   protocol.o
      1216         32          0          6         20      14619   si4432.o
       568         14          0          0          0       2191   spi.o
        64         26        236          0       1536        788   startup_stm32f10x_md.o
       592          8          0          0          0       4366   stm32f10x_dma.o
       284         10          0          0          0       2267   stm32f10x_exti.o
      1468         34          0          0          0       8066   stm32f10x_flash.o
       856         40          0          0          0       5677   stm32f10x_gpio.o
       900         60          0         19        440       6662   stm32f10x_it.o
       932         44          0         20          0       8856   stm32f10x_rcc.o
       780         14          0          0          0       6562   stm32f10x_spi.o
      3610         88          0          0          0      22168   stm32f10x_tim.o
      1032         22          0          0          0       8408   stm32f10x_usart.o
       720         20          0          0          0       1899   stm32init.o
       244         92          0          0          0       1026   taskct361snderr.o
       164         36          0          0          0        931   taskprotocol.o
       588         92          0          7          0       1432   taskprotosend.o
       544        114          0          9          0       1606   taskset.o
       248         28          0          1          0        922   tasksi4432read.o
       668         88          0          5        208       1781   tasktest.o

    ----------------------------------------------------------------------
     31708       1866        876        256      17200     475833   Object Totals
         0          0         32          0          0          0   (incl. Generated)
         4          0          2         11          2          0   (incl. Padding)

    ----------------------------------------------------------------------

      Code (inc. data)   RO Data    RW Data    ZI Data      Debug   Library Member Name

         8          0          0          0          0         68   __main.o
        52          8          0          0          0          0   __scatter.o
        26          0          0          0          0          0   __scatter_copy.o
        28          0          0          0          0          0   __scatter_zi.o
        12          0          0          0          0         72   exit.o
         6          0          0          0          0        152   heapauxi.o
         0          0          0          0          0          0   indicate_semi.o
         2          0          0          0          0          0   libinit.o
         6          0          0          0          0          0   libinit2.o
         2          0          0          0          0          0   libshutdown.o
         2          0          0          0          0          0   libshutdown2.o
         8          4          0          0         96         68   libspace.o
        88          0          0          0          0         76   memcmp.o
       112         18          0          0        228        160   rand.o
         0          0          0          0          0          0   rtentry.o
        12          0          0          0          0          0   rtentry2.o
         6          0          0          0          0          0   rtentry4.o
         2          0          0          0          0          0   rtexit.o
        10          0          0          0          0          0   rtexit2.o
        12          4          0          0          0         68   sys_exit.o
        74          0          0          0          0         80   sys_stackheap_outer.o
         2          0          0          0          0         68   use_no_semi.o

    ----------------------------------------------------------------------
       476         34          0          0        328        812   Library Totals
         6          0          0          0          4          0   (incl. Padding)

    ----------------------------------------------------------------------

      Code (inc. data)   RO Data    RW Data    ZI Data      Debug   Library Name

       470         34          0          0        324        812   c_w.l

    ----------------------------------------------------------------------
       476         34          0          0        328        812   Library Totals

    ----------------------------------------------------------------------

==============================================================================


      Code (inc. data)   RO Data    RW Data    ZI Data      Debug   

     32184       1900        876        256      17528     473057   Grand Totals
     32184       1900        876        256      17528     473057   ELF Image Totals
     32184       1900        876        256          0          0   ROM Totals

==============================================================================

    Total RO  Size (Code + RO Data)                33060 (  32.29kB)
    Total RW  Size (RW Data + ZI Data)             17784 (  17.37kB)
    Total ROM Size (Code + RO Data + RW Data)      33316 (  32.54kB)

==============================================================================

