ARM Linker, 5.03 [Build 24] [MDK-ARM Standard]

==============================================================================

Section Cross References

    startup_stm32f10x_md.o(STACK) refers (Special) to heapauxi.o(.text) for __use_two_region_memory
    startup_stm32f10x_md.o(HEAP) refers (Special) to heapauxi.o(.text) for __use_two_region_memory
    startup_stm32f10x_md.o(RESET) refers (Special) to heapauxi.o(.text) for __use_two_region_memory
    startup_stm32f10x_md.o(RESET) refers to startup_stm32f10x_md.o(STACK) for __initial_sp
    startup_stm32f10x_md.o(RESET) refers to startup_stm32f10x_md.o(.text) for Reset_Handler
    startup_stm32f10x_md.o(RESET) refers to stm32f10x_it.o(.text) for NMI_Handler
    startup_stm32f10x_md.o(RESET) refers to os_cpu_a.o(.text) for PendSV_Handler
    startup_stm32f10x_md.o(.text) refers (Special) to heapauxi.o(.text) for __use_two_region_memory
    startup_stm32f10x_md.o(.text) refers to bsp.o(.text) for SystemInit
    startup_stm32f10x_md.o(.text) refers to __main.o(!!!main) for __main
    startup_stm32f10x_md.o(.text) refers to startup_stm32f10x_md.o(HEAP) for Heap_Mem
    startup_stm32f10x_md.o(.text) refers to startup_stm32f10x_md.o(STACK) for Stack_Mem
    stm32f10x_bkp.o(.text) refers to stm32f10x_rcc.o(.text) for RCC_BackupResetCmd
    stm32f10x_gpio.o(.text) refers to stm32f10x_rcc.o(.text) for RCC_APB2PeriphResetCmd
    stm32f10x_rcc.o(.text) refers to stm32f10x_rcc.o(.data) for .data
    stm32f10x_spi.o(.text) refers to stm32f10x_rcc.o(.text) for RCC_APB2PeriphResetCmd
    stm32f10x_usart.o(.text) refers to stm32f10x_rcc.o(.text) for RCC_APB2PeriphResetCmd
    stm32f10x_tim.o(.text) refers to stm32f10x_rcc.o(.text) for RCC_APB1PeriphResetCmd
    si4432.o(.text) refers to stm32f10x_gpio.o(.text) for GPIO_ResetBits
    si4432.o(.text) refers to spi.o(.text) for SPI2_ReadWriteByte
    si4432.o(.text) refers to base.o(.text) for DelayMs
    si4432.o(.text) refers to stm32f10x_rcc.o(.text) for RCC_APB2PeriphClockCmd
    si4432.o(.text) refers to stm32f10x_exti.o(.text) for EXTI_Init
    si4432.o(.text) refers to stm32f10x_spi.o(.text) for SPI_Cmd
    si4432.o(.text) refers to si4432.o(.data) for .data
    base.o(.text) refers to stm32f10x_usart.o(.text) for USART_SendData
    stm32init.o(.text) refers to misc.o(.text) for NVIC_SetVectorTable
    stm32init.o(.text) refers to stm32f10x_rcc.o(.text) for RCC_APB2PeriphClockCmd
    stm32init.o(.text) refers to stm32f10x_gpio.o(.text) for GPIO_Init
    stm32init.o(.text) refers to stm32f10x_usart.o(.text) for USART_Init
    stm32init.o(.text) refers to bsp.o(.text) for DMA_Configuration
    stm32init.o(.text) refers to stm32f10x_spi.o(.text) for SPI_Init
    bsp.o(.text) refers to stm32f10x_rcc.o(.text) for RCC_DeInit
    bsp.o(.text) refers to stm32init.o(.text) for STM32_Init
    bsp.o(.text) refers to si4432.o(.text) for SI4432_Configuration
    bsp.o(.text) refers to stm32f10x_gpio.o(.text) for GPIO_SetBits
    bsp.o(.text) refers to base.o(.text) for SendString
    bsp.o(.text) refers to iwatchdog.o(.text) for WatchDog_Init
    bsp.o(.text) refers to stm32f10x_tim.o(.text) for TIM_InternalClockConfig
    bsp.o(.text) refers to misc.o(.text) for NVIC_PriorityGroupConfig
    bsp.o(.text) refers to stm32f10x_dma.o(.text) for DMA_DeInit
    bsp.o(.text) refers to stm32f10x_usart.o(.text) for USART_DMACmd
    bsp.o(.text) refers to base.o(.data) for Flag
    bsp.o(.text) refers to stm32f10x_it.o(.bss) for USART2_SEND_DATA
    bsp.o(.text) refers to stm32f10x_it.o(.bss) for USART2_RECEIVE_DATA
    encrypt.o(.text) refers to memcmp.o(.text) for memcmp
    encrypt.o(.text) refers to base.o(.text) for DelayMs
    encrypt.o(.text) refers to si4432.o(.text) for sending
    encrypt.o(.text) refers to os_q.o(.text) for OSQPost
    encrypt.o(.text) refers to encrypt.o(.data) for .data
    encrypt.o(.text) refers to encrypt.o(.bss) for .bss
    encrypt.o(.text) refers to encrypt.o(.constdata) for .constdata
    encrypt.o(.text) refers to taskset.o(.data) for MY_ID
    encrypt.o(.text) refers to app.o(.data) for ProtoSendMBox
    encrypt.o(.text) refers to tasktest.o(.data) for learn_DeviceName
    encrypt.o(.text) refers to tasktest.o(.data) for learn_switch
    encrypt.o(.data) refers to app.o(.bss) for SI4432RecvBuff
    spi.o(.text) refers to stm32f10x_spi.o(.text) for SPI_I2S_GetFlagStatus
    spi.o(.text) refers to stm32f10x_rcc.o(.text) for RCC_APB2PeriphClockCmd
    spi.o(.text) refers to stm32f10x_gpio.o(.text) for GPIO_Init
    dataflash.o(.text) refers to stm32f10x_flash.o(.text) for FLASH_ProgramHalfWord
    stm32f10x_it.o(.text) refers to os_cpu_a.o(.text) for OS_CPU_SR_Save
    stm32f10x_it.o(.text) refers to os_core.o(.text) for OSTimeTick
    stm32f10x_it.o(.text) refers to stm32f10x_usart.o(.text) for USART_GetITStatus
    stm32f10x_it.o(.text) refers to os_q.o(.text) for OSQPost
[...]
    .ARM.Collect$$libinit$$0000002C          0x08000166   Section        0  libinit2.o(.ARM.Collect$$libinit$$0000002C)
    .ARM.Collect$$libinit$$0000002E          0x08000166   Section        0  libinit2.o(.ARM.Collect$$libinit$$0000002E)
    .ARM.Collect$$libinit$$00000030          0x08000166   Section        0  libinit2.o(.ARM.Collect$$libinit$$00000030)
    .ARM.Collect$$libinit$$00000031          0x08000166   Section        2  libinit2.o(.ARM.Collect$$libinit$$00000031)
    .ARM.Collect$$libshutdown$$00000000      0x08000168   Section        2  libshutdown.o(.ARM.Collect$$libshutdown$$00000000)
    .ARM.Collect$$libshutdown$$00000003      0x0800016a   Section        0  libshutdown2.o(.ARM.Collect$$libshutdown$$00000003)
    .ARM.Collect$$libshutdown$$00000006      0x0800016a   Section        0  libshutdown2.o(.ARM.Collect$$libshutdown$$00000006)
    .ARM.Collect$$libshutdown$$00000009      0x0800016a   Section        0  libshutdown2.o(.ARM.Collect$$libshutdown$$00000009)
    .ARM.Collect$$libshutdown$$0000000B      0x0800016a   Section        0  libshutdown2.o(.ARM.Collect$$libshutdown$$0000000B)
    .ARM.Collect$$libshutdown$$0000000E      0x0800016a   Section        0  libshutdown2.o(.ARM.Collect$$libshutdown$$0000000E)
    .ARM.Collect$$libshutdown$$0000000F      0x0800016a   Section        2  libshutdown2.o(.ARM.Collect$$libshutdown$$0000000F)
    .ARM.Collect$$rtentry$$00000000          0x0800016c   Section        0  rtentry.o(.ARM.Collect$$rtentry$$00000000)
    .ARM.Collect$$rtentry$$00000002          0x0800016c   Section        0  rtentry2.o(.ARM.Collect$$rtentry$$00000002)
    .ARM.Collect$$rtentry$$00000004          0x0800016c   Section        6  rtentry4.o(.ARM.Collect$$rtentry$$00000004)
    .ARM.Collect$$rtentry$$00000009          0x08000172   Section        0  rtentry2.o(.ARM.Collect$$rtentry$$00000009)
    .ARM.Collect$$rtentry$$0000000A          0x08000172   Section        4  rtentry2.o(.ARM.Collect$$rtentry$$0000000A)
    .ARM.Collect$$rtentry$$0000000C          0x08000176   Section        0  rtentry2.o(.ARM.Collect$$rtentry$$0000000C)
    .ARM.Collect$$rtentry$$0000000D          0x08000176   Section        8  rtentry2.o(.ARM.Collect$$rtentry$$0000000D)
    .ARM.Collect$$rtexit$$00000000           0x0800017e   Section        2  rtexit.o(.ARM.Collect$$rtexit$$00000000)
    .ARM.Collect$$rtexit$$00000002           0x08000180   Section        0  rtexit2.o(.ARM.Collect$$rtexit$$00000002)
    .ARM.Collect$$rtexit$$00000003           0x08000180   Section        4  rtexit2.o(.ARM.Collect$$rtexit$$00000003)
    .ARM.Collect$$rtexit$$00000004           0x08000184   Section        6  rtexit2.o(.ARM.Collect$$rtexit$$00000004)
    .emb_text                                0x0800018c   Section       52  rand.o(.emb_text)
    .text                                    0x080001c0   Section       64  startup_stm32f10x_md.o(.text)
    .text                                    0x08000200   Section        0  misc.o(.text)
    .text                                    0x080002b0   Section        0  stm32f10x_exti.o(.text)
    .text                                    0x08000398   Section        0  stm32f10x_gpio.o(.text)
    .text                                    0x080005f8   Section        0  stm32f10x_rcc.o(.text)
    .text                                    0x080008b0   Section        0  stm32f10x_spi.o(.text)
    .text                                    0x08000b24   Section        0  stm32f10x_usart.o(.text)
    .text                                    0x08000e54   Section        0  stm32f10x_flash.o(.text)
    .text                                    0x080012d4   Section        0  stm32f10x_tim.o(.text)
    TI2_Config                               0x08001667   Thumb Code   166  stm32f10x_tim.o(.text)
    TI1_Config                               0x0800171d   Thumb Code    88  stm32f10x_tim.o(.text)
    .text                                    0x08001dc4   Section        0  stm32f10x_dma.o(.text)
    .text                                    0x08001f8c   Section        0  si4432.o(.text)
    .text                                    0x0800240c   Section        0  base.o(.text)
    .text                                    0x08002518   Section        0  stm32init.o(.text)
    .text                                    0x080027dc   Section        0  bsp.o(.text)
    .text                                    0x08002b2c   Section        0  encrypt.o(.text)
    .text                                    0x08002e7c   Section        0  spi.o(.text)
    .text                                    0x08003098   Section        0  dataflash.o(.text)
    .text                                    0x080031a8   Section        0  iwatchdog.o(.text)
    .text                                    0x080031d0   Section        0  stm32f10x_it.o(.text)
    .text                                    0x08003458   Section        0  app.o(.text)
    .text                                    0x0800347c   Section        0  protocol.o(.text)
    .text                                    0x0800381c   Section        0  taskprotocol.o(.text)
    .text                                    0x080038b4   Section        0  taskprotosend.o(.text)
    .text                                    0x08003a4c   Section        0  tasktest.o(.text)
    .text                                    0x08003c10   Section        0  taskset.o(.text)
    .text                                    0x08003de0   Section        0  tasksi4432read.o(.text)
    .text                                    0x08003ed4   Section        0  os_core.o(.text)
    OS_SchedNew                              0x08004803   Thumb Code    24  os_core.o(.text)
    .text                                    0x08004828   Section        0  os_flag.o(.text)
    OS_FlagTaskRdy                           0x08004933   Thumb Code    70  os_flag.o(.text)
    OS_FlagBlock                             0x08004afb   Thumb Code    84  os_flag.o(.text)
    .text                                    0x08004e14   Section        0  os_q.o(.text)
    .text                                    0x08005378   Section        0  os_task.o(.text)
    .text                                    0x08005a98   Section        0  os_time.o(.text)
    .text                                    0x08005c24   Section      164  os_cpu_a.o(.text)
    .text                                    0x08005cc8   Section        0  os_cpu_c.o(.text)
    .text                                    0x08005d4c   Section        0  os_dbg.o(.text)
    .text                                    0x08005d50   Section        0  rand.o(.text)
    .text                                    0x08005d8c   Section        0  memcmp.o(.text)
    .text                                    0x08005de4   Section        0  heapauxi.o(.text)
    .text                                    0x08005dea   Section       74  sys_stackheap_outer.o(.text)
    .text                                    0x08005e34   Section        0  exit.o(.text)
    .text                                    0x08005e40   Section        8  libspace.o(.text)
    .text                                    0x08005e48   Section        2  use_no_semi.o(.text)
    .text                                    0x08005e4a   Section        0  indicate_semi.o(.text)
    .text                                    0x08005e4c   Section        0  sys_exit.o(.text)
    .constdata                               0x08005e58   Section      256  encrypt.o(.constdata)
    .constdata                               0x08005f58   Section      256  os_core.o(.constdata)
    .data                                    0x20000000   Section       20  stm32f10x_rcc.o(.data)
    ADCPrescTable                            0x20000000   Data           4  stm32f10x_rcc.o(.data)
    APBAHBPrescTable                         0x20000004   Data          16  stm32f10x_rcc.o(.data)
    .data                                    0x20000014   Section        1  si4432.o(.data)
    .data                                    0x20000015   Section        3  si4432.o(.data)
    .data                                    0x20000018   Section        1  base.o(.data)
    .data                                    0x2000001c   Section       38  encrypt.o(.data)
    si4432_cnt                               0x2000001d   Data           1  encrypt.o(.data)
    .data                                    0x20000042   Section       18  encrypt.o(.data)
    .data                                    0x20000054   Section        8  stm32f10x_it.o(.data)
    u1StaMach                                0x20000057   Data           1  stm32f10x_it.o(.data)
    .data                                    0x2000005c   Section        4  stm32f10x_it.o(.data)
    .data                                    0x20000060   Section        4  app.o(.data)
    .data                                    0x20000064   Section        4  app.o(.data)
    .data                                    0x20000068   Section        4  app.o(.data)
    .data                                    0x2000006c   Section        4  app.o(.data)
    .data                                    0x20000070   Section        6  taskprotosend.o(.data)
    cmd                                      0x20000070   Data           1  taskprotosend.o(.data)
    DeviceName                               0x20000071   Data           1  taskprotosend.o(.data)
    DeviceCode                               0x20000072   Data           1  taskprotosend.o(.data)
    .data                                    0x20000076   Section        1  tasktest.o(.data)
    .data                                    0x20000077   Section        4  tasktest.o(.data)
    .data                                    0x2000007c   Section        8  taskset.o(.data)
    .data                                    0x20000084   Section        1  tasksi4432read.o(.data)
    .data                                    0x20000088   Section       56  os_core.o(.data)
    .data                                    0x200000c0   Section        4  os_core.o(.data)
    .data                                    0x200000c4   Section        4  os_core.o(.data)
    .bss                                     0x200000c8   Section       20  si4432.o(.bss)
    .bss                                     0x200000dc   Section       36  encrypt.o(.bss)
    .bss                                     0x20000100   Section      220  stm32f10x_it.o(.bss)
    .bss                                     0x200001dc   Section      220  stm32f10x_it.o(.bss)
    .bss                                     0x200002b8   Section     1200  app.o(.bss)
    .bss                                     0x20000768   Section       80  app.o(.bss)
    .bss                                     0x200007b8   Section     2048  app.o(.bss)
    .bss                                     0x20000fb8   Section       80  app.o(.bss)
    .bss                                     0x20001008   Section     2048  app.o(.bss)
    .bss                                     0x20001808   Section       40  app.o(.bss)
    .bss                                     0x20001830   Section     2048  app.o(.bss)
    .bss                                     0x20002030   Section     2048  app.o(.bss)
    .bss                                     0x20002830   Section      120  app.o(.bss)
    .bss                                     0x200028a8   Section       32  app.o(.bss)
    .bss                                     0x200028c8   Section      430  app.o(.bss)
    .bss                                     0x20002a76   Section       28  app.o(.bss)
    .bss                                     0x20002a92   Section      208  tasktest.o(.bss)
    .bss                                     0x20002b64   Section     3424  os_core.o(.bss)
    .bss                                     0x200038c4   Section      336  os_core.o(.bss)
    .bss                                     0x20003a14   Section      288  os_core.o(.bss)
    .bss                                     0x20003b34   Section      228  rand.o(.bss)
    .bss                                     0x20003c18   Section       96  libspace.o(.bss)
    HEAP                                     0x20003c78   Section      512  startup_stm32f10x_md.o(HEAP)
    Heap_Mem                                 0x20003c78   Data         512  startup_stm32f10x_md.o(HEAP)
    STACK                                    0x20003e78   Section     1024  startup_stm32f10x_md.o(STACK)
    Stack_Mem                                0x20003e78   Data        1024  startup_stm32f10x_md.o(STACK)
    __initial_sp                             0x20004278   Data           0  startup_stm32f10x_md.o(STACK)

    Global Symbols

    Symbol Name                              Value     Ov Type        Size  Object(Section)

    BuildAttributes$$THM_ISAv4$P$D$K$B$S$PE$A:L22UL41UL21$X:L11$S22US41US21$IEEE1$IW$USESV6$~STKCKD$USESV7$~SHL$OSPACE$ROPI$EBA8$UX$STANDARDLIB$REQ8$PRES8$EABIv2 0x00000000   Number         0  anon$$obj.o ABSOLUTE
    __ARM_use_no_argv                        0x00000000   Number         0  app.o ABSOLUTE
    __ARM_exceptions_init                     - Undefined Weak Reference
    __alloca_initialize                       - Undefined Weak Reference
    __cpp_initialize__aeabi_                  - Undefined Weak Reference
    __cxa_finalize                            - Undefined Weak Reference
    __rt_locale                               - Undefined Weak Reference
    __sigvec_lookup                           - Undefined Weak Reference
    _atexit_init                              - Undefined Weak Reference
    _call_atexit_fns                          - Undefined Weak Reference
    _clock_init                               - Undefined Weak Reference
    _fp_trap_init                             - Undefined Weak Reference
    _fp_trap_shutdown                         - Undefined Weak Reference
    _get_lc_collate                           - Undefined Weak Reference
    _get_lc_ctype                             - Undefined Weak Reference
    _get_lc_monetary                          - Undefined Weak Reference
    _get_lc_numeric                           - Undefined Weak Reference
    _get_lc_time                              - Undefined Weak Reference
    _getenv_init                              - Undefined Weak Reference
    _handle_redirection                       - Undefined Weak Reference
    _init_alloc                               - Undefined Weak Reference
    _init_user_alloc                          - Undefined Weak Reference
    _initio                                   - Undefined Weak Reference
    _signal_finish                            - Undefined Weak Reference
    _signal_init                              - Undefined Weak Reference
    _terminate_alloc                          - Undefined Weak Reference
    _terminate_user_alloc                     - Undefined Weak Reference
    _terminateio                              - Undefined Weak Reference
    __Vectors_Size                           0x000000ec   Number         0  startup_stm32f10x_md.o ABSOLUTE
    __Vectors                                0x08000000   Data           4  startup_stm32f10x_md.o(RESET)
    __Vectors_End                            0x080000ec   Data           0  startup_stm32f10x_md.o(RESET)
    __main                                   0x080000ed   Thumb Code     8  __main.o(!!!main)
    __scatterload                            0x080000f5   Thumb Code     0  __scatter.o(!!!scatter)
    __scatterload_rt2                        0x080000f5   Thumb Code    44  __scatter.o(!!!scatter)
    __scatterload_rt2_thumb_only             0x080000f5   Thumb Code     0  __scatter.o(!!!scatter)
    __scatterload_null                       0x08000103   Thumb Code     0  __scatter.o(!!!scatter)
    __scatterload_copy                       0x08000129   Thumb Code    26  __scatter_copy.o(!!handler_copy)
    __scatterload_zeroinit                   0x08000145   Thumb Code    28  __scatter_zi.o(!!handler_zi)
    __rt_lib_init                            0x08000161   Thumb Code     0  libinit.o(.ARM.Collect$$libinit$$00000000)
    __rt_lib_init_fp_1                       0x08000163   Thumb Code     0  libinit2.o(.ARM.Collect$$libinit$$00000002)
    __rt_lib_init_heap_1                     0x08000163   Thumb Code     0  libinit2.o(.ARM.Collect$$libinit$$00000008)
    __rt_lib_init_rand_2                     0x08000163   Thumb Code     0  libinit2.o(.ARM.Collect$$libinit$$0000000B)
    __rt_lib_init_user_alloc_1               0x08000163   Thumb Code     0  libinit2.o(.ARM.Collect$$libinit$$0000000A)
    __rt_lib_init_alloca_1                   0x08000167   Thumb Code     0  libinit2.o(.ARM.Collect$$libinit$$0000002C)
    __rt_lib_init_argv_1                     0x08000167   Thumb Code     0  libinit2.o(.ARM.Collect$$libinit$$0000002A)
    __rt_lib_init_atexit_1                   0x08000167   Thumb Code     0  libinit2.o(.ARM.Collect$$libinit$$00000019)
    __rt_lib_init_clock_1                    0x08000167   Thumb Code     0  libinit2.o(.ARM.Collect$$libinit$$0000001F)
    __rt_lib_init_cpp_1                      0x08000167   Thumb Code     0  libinit2.o(.ARM.Collect$$libinit$$00000030)
    __rt_lib_init_exceptions_1               0x08000167   Thumb Code     0  libinit2.o(.ARM.Collect$$libinit$$0000002E)
    __rt_lib_init_fp_trap_1                  0x08000167   Thumb Code     0  libinit2.o(.ARM.Collect$$libinit$$0000001D)
    __rt_lib_init_getenv_1                   0x08000167   Thumb Code     0  libinit2.o(.ARM.Collect$$libinit$$00000021)
    __rt_lib_init_lc_collate_1               0x08000167   Thumb Code     0  libinit2.o(.ARM.Collect$$libinit$$0000000F)
    __rt_lib_init_lc_ctype_1                 0x08000167   Thumb Code     0  libinit2.o(.ARM.Collect$$libinit$$00000011)
    __rt_lib_init_lc_monetary_1              0x08000167   Thumb Code     0  libinit2.o(.ARM.Collect$$libinit$$00000013)
    __rt_lib_init_lc_numeric_1               0x08000167   Thumb Code     0  libinit2.o(.ARM.Collect$$libinit$$00000015)
    __rt_lib_init_lc_time_1                  0x08000167   Thumb Code     0  libinit2.o(.ARM.Collect$$libinit$$00000017)
    __rt_lib_init_rand_1                     0x08000167   Thumb Code     0  libinit2.o(.ARM.Collect$$libinit$$0000000C)
    __rt_lib_init_return                     0x08000167   Thumb Code     0  libinit2.o(.ARM.Collect$$libinit$$00000031)
    __rt_lib_init_signal_1                   0x08000167   Thumb Code     0  libinit2.o(.ARM.Collect$$libinit$$0000001B)
    __rt_lib_init_stdio_1                    0x08000167   Thumb Code     0  libinit2.o(.ARM.Collect$$libinit$$00000023)
    __rt_lib_shutdown                        0x08000169   Thumb Code     0  libshutdown.o(.ARM.Collect$$libshutdown$$00000000)
    __rt_lib_shutdown_fp_trap_1              0x0800016b   Thumb Code     0  libshutdown2.o(.ARM.Collect$$libshutdown$$00000006)
    __rt_lib_shutdown_heap_1                 0x0800016b   Thumb Code     0  libshutdown2.o(.ARM.Collect$$libshutdown$$0000000E)
    __rt_lib_shutdown_return                 0x0800016b   Thumb Code     0  libshutdown2.o(.ARM.Collect$$libshutdown$$0000000F)
    __rt_lib_shutdown_signal_1               0x0800016b   Thumb Code     0  libshutdown2.o(.ARM.Collect$$libshutdown$$00000009)
    __rt_lib_shutdown_stdio_1                0x0800016b   Thumb Code     0  libshutdown2.o(.ARM.Collect$$libshutdown$$00000003)
    __rt_lib_shutdown_user_alloc_1           0x0800016b   Thumb Code     0  libshutdown2.o(.ARM.Collect$$libshutdown$$0000000B)
    __rt_entry                               0x0800016d   Thumb Code     0  rtentry.o(.ARM.Collect$$rtentry$$00000000)
    __rt_entry_presh_1                       0x0800016d   Thumb Code     0  rtentry2.o(.ARM.Collect$$rtentry$$00000002)
    __rt_entry_sh                            0x0800016d   Thumb Code     0  rtentry4.o(.ARM.Collect$$rtentry$$00000004)
    __rt_entry_li                            0x08000173   Thumb Code     0  rtentry2.o(.ARM.Collect$$rtentry$$0000000A)
    __rt_entry_postsh_1                      0x08000173   Thumb Code     0  rtentry2.o(.ARM.Collect$$rtentry$$00000009)
    __rt_entry_main                          0x08000177   Thumb Code     0  rtentry2.o(.ARM.Collect$$rtentry$$0000000D)
    __rt_entry_postli_1                      0x08000177   Thumb Code     0  rtentry2.o(.ARM.Collect$$rtentry$$0000000C)
    __rt_exit                                0x0800017f   Thumb Code     0  rtexit.o(.ARM.Collect$$rtexit$$00000000)
    __rt_exit_ls                             0x08000181   Thumb Code     0  rtexit2.o(.ARM.Collect$$rtexit$$00000003)
    __rt_exit_prels_1                        0x08000181   Thumb Code     0  rtexit2.o(.ARM.Collect$$rtexit$$00000002)
    __rt_exit_exit                           0x08000185   Thumb Code     0  rtexit2.o(.ARM.Collect$$rtexit$$00000004)
    rand                                     0x0800018d   Thumb Code    48  rand.o(.emb_text)
    Reset_Handler                            0x080001c1   Thumb Code     8  startup_stm32f10x_md.o(.text)
    ADC1_2_IRQHandler                        0x080001db   Thumb Code     0  startup_stm32f10x_md.o(.text)
    CAN1_RX1_IRQHandler                      0x080001db   Thumb Code     0  startup_stm32f10x_md.o(.text)
    CAN1_SCE_IRQHandler                      0x080001db   Thumb Code     0  startup_stm32f10x_md.o(.text)
    DMA1_Channel1_IRQHandler                 0x080001db   Thumb Code     0  startup_stm32f10x_md.o(.text)
    DMA1_Channel2_IRQHandler                 0x080001db   Thumb Code     0  startup_stm32f10x_md.o(.text)
    DMA1_Channel3_IRQHandler                 0x080001db   Thumb Code     0  startup_stm32f10x_md.o(.text)
    DMA1_Channel4_IRQHandler                 0x080001db   Thumb Code     0  startup_stm32f10x_md.o(.text)
    DMA1_Channel5_IRQHandler                 0x080001db   Thumb Code     0  startup_stm32f10x_md.o(.text)
    EXTI0_IRQHandler                         0x080001db   Thumb Code     0  startup_stm32f10x_md.o(.text)
    EXTI1_IRQHandler                         0x080001db   Thumb Code     0  startup_stm32f10x_md.o(.text)
    EXTI3_IRQHandler                         0x080001db   Thumb Code     0  startup_stm32f10x_md.o(.text)
    EXTI4_IRQHandler                         0x080001db   Thumb Code     0  startup_stm32f10x_md.o(.text)
    EXTI9_5_IRQHandler                       0x080001db   Thumb Code     0  startup_stm32f10x_md.o(.text)
    FLASH_IRQHandler                         0x080001db   Thumb Code     0  startup_stm32f10x_md.o(.text)
    I2C1_ER_IRQHandler                       0x080001db   Thumb Code     0  startup_stm32f10x_md.o(.text)
    I2C1_EV_IRQHandler                       0x080001db   Thumb Code     0  startup_stm32f10x_md.o(.text)
    I2C2_ER_IRQHandler                       0x080001db   Thumb Code     0  startup_stm32f10x_md.o(.text)
    I2C2_EV_IRQHandler                       0x080001db   Thumb Code     0  startup_stm32f10x_md.o(.text)
    PVD_IRQHandler                           0x080001db   Thumb Code     0  startup_stm32f10x_md.o(.text)
    RCC_IRQHandler                           0x080001db   Thumb Code     0  startup_stm32f10x_md.o(.text)
    RTCAlarm_IRQHandler                      0x080001db   Thumb Code     0  startup_stm32f10x_md.o(.text)
    RTC_IRQHandler                           0x080001db   Thumb Code     0  startup_stm32f10x_md.o(.text)
    SPI1_IRQHandler                          0x080001db   Thumb Code     0  startup_stm32f10x_md.o(.text)
    SPI2_IRQHandler                          0x080001db   Thumb Code     0  startup_stm32f10x_md.o(.text)
    TAMPER_IRQHandler                        0x080001db   Thumb Code     0  startup_stm32f10x_md.o(.text)
    TIM1_BRK_IRQHandler                      0x080001db   Thumb Code     0  startup_stm32f10x_md.o(.text)
    TIM1_TRG_COM_IRQHandler                  0x080001db   Thumb Code     0  startup_stm32f10x_md.o(.text)
    TIM1_UP_IRQHandler                       0x080001db   Thumb Code     0  startup_stm32f10x_md.o(.text)
    TIM3_IRQHandler                          0x080001db   Thumb Code     0  startup_stm32f10x_md.o(.text)
    USART3_IRQHandler                        0x080001db   Thumb Code     0  startup_stm32f10x_md.o(.text)
    USBWakeUp_IRQHandler                     0x080001db   Thumb Code     0  startup_stm32f10x_md.o(.text)
    USB_HP_CAN1_TX_IRQHandler                0x080001db   Thumb Code     0  startup_stm32f10x_md.o(.text)
    USB_LP_CAN1_RX0_IRQHandler               0x080001db   Thumb Code     0  startup_stm32f10x_md.o(.text)
    WWDG_IRQHandler                          0x080001db   Thumb Code     0  startup_stm32f10x_md.o(.text)
    __user_initial_stackheap                 0x080001dd   Thumb Code     0  startup_stm32f10x_md.o(.text)
    NVIC_PriorityGroupConfig                 0x08000201   Thumb Code    10  misc.o(.text)
    NVIC_Init                                0x0800020b   Thumb Code    90  misc.o(.text)
    NVIC_SetVectorTable                      0x08000265   Thumb Code    14  misc.o(.text)
    NVIC_SystemLPConfig                      0x08000273   Thumb Code    20  misc.o(.text)
    SysTick_CLKSourceConfig                  0x08000287   Thumb Code    24  misc.o(.text)
    EXTI_DeInit                              0x080002b1   Thumb Code    28  stm32f10x_exti.o(.text)
    EXTI_Init                                0x080002cd   Thumb Code   108  stm32f10x_exti.o(.text)
    EXTI_StructInit                          0x08000339   Thumb Code    14  stm32f10x_exti.o(.text)
    EXTI_GenerateSWInterrupt                 0x08000347   Thumb Code    12  stm32f10x_exti.o(.text)
    EXTI_GetFlagStatus                       0x08000353   Thumb Code    18  stm32f10x_exti.o(.text)
    EXTI_ClearFlag                           0x08000365   Thumb Code     8  stm32f10x_exti.o(.text)
    EXTI_GetITStatus                         0x0800036d   Thumb Code    28  stm32f10x_exti.o(.text)
    EXTI_ClearITPendingBit                   0x08000389   Thumb Code     8  stm32f10x_exti.o(.text)
    GPIO_DeInit                              0x08000399   Thumb Code   152  stm32f10x_gpio.o(.text)
    GPIO_AFIODeInit                          0x08000431   Thumb Code    22  stm32f10x_gpio.o(.text)
    GPIO_Init                                0x08000447   Thumb Code   152  stm32f10x_gpio.o(.text)
    GPIO_StructInit                          0x080004df   Thumb Code    16  stm32f10x_gpio.o(.text)
    GPIO_ReadInputDataBit                    0x080004ef   Thumb Code    14  stm32f10x_gpio.o(.text)
    GPIO_ReadInputData                       0x080004fd   Thumb Code     6  stm32f10x_gpio.o(.text)
    GPIO_ReadOutputDataBit                   0x08000503   Thumb Code    14  stm32f10x_gpio.o(.text)
    GPIO_ReadOutputData                      0x08000511   Thumb Code     6  stm32f10x_gpio.o(.text)
    GPIO_SetBits                             0x08000517   Thumb Code     4  stm32f10x_gpio.o(.text)
    GPIO_ResetBits                           0x0800051b   Thumb Code     4  stm32f10x_gpio.o(.text)
    GPIO_WriteBit                            0x0800051f   Thumb Code    10  stm32f10x_gpio.o(.text)
    GPIO_Write                               0x08000529   Thumb Code     4  stm32f10x_gpio.o(.text)
    GPIO_PinLockConfig                       0x0800052d   Thumb Code    16  stm32f10x_gpio.o(.text)
    GPIO_EventOutputConfig                   0x0800053d   Thumb Code    22  stm32f10x_gpio.o(.text)
    GPIO_EventOutputCmd                      0x08000553   Thumb Code     6  stm32f10x_gpio.o(.text)
    GPIO_PinRemapConfig                      0x08000559   Thumb Code    82  stm32f10x_gpio.o(.text)
    GPIO_EXTILineConfig                      0x080005ab   Thumb Code    34  stm32f10x_gpio.o(.text)
    GPIO_ETH_MediaInterfaceConfig            0x080005cd   Thumb Code     8  stm32f10x_gpio.o(.text)
    RCC_DeInit                               0x080005f9   Thumb Code    50  stm32f10x_rcc.o(.text)
    RCC_HSEConfig                            0x0800062b   Thumb Code    48  stm32f10x_rcc.o(.text)
    RCC_GetFlagStatus                        0x0800065b   Thumb Code    42  stm32f10x_rcc.o(.text)
    RCC_WaitForHSEStartUp                    0x08000685   Thumb Code    44  stm32f10x_rcc.o(.text)
    RCC_AdjustHSICalibrationValue            0x080006b1   Thumb Code    16  stm32f10x_rcc.o(.text)
    RCC_HSICmd                               0x080006c1   Thumb Code     6  stm32f10x_rcc.o(.text)
    RCC_PLLConfig                            0x080006c7   Thumb Code    16  stm32f10x_rcc.o(.text)
    RCC_PLLCmd                               0x080006d7   Thumb Code     6  stm32f10x_rcc.o(.text)
    RCC_SYSCLKConfig                         0x080006dd   Thumb Code    14  stm32f10x_rcc.o(.text)
    RCC_GetSYSCLKSource                      0x080006eb   Thumb Code    10  stm32f10x_rcc.o(.text)
    RCC_HCLKConfig                           0x080006f5   Thumb Code    14  stm32f10x_rcc.o(.text)
    RCC_PCLK1Config                          0x08000703   Thumb Code    14  stm32f10x_rcc.o(.text)
    RCC_PCLK2Config                          0x08000711   Thumb Code    16  stm32f10x_rcc.o(.text)
    RCC_ITConfig                             0x08000721   Thumb Code    18  stm32f10x_rcc.o(.text)
    RCC_USBCLKConfig                         0x08000733   Thumb Code     8  stm32f10x_rcc.o(.text)
    RCC_ADCCLKConfig                         0x0800073b   Thumb Code    14  stm32f10x_rcc.o(.text)
    RCC_LSEConfig                            0x08000749   Thumb Code    28  stm32f10x_rcc.o(.text)
    RCC_LSICmd                               0x08000765   Thumb Code     6  stm32f10x_rcc.o(.text)
    RCC_RTCCLKConfig                         0x0800076b   Thumb Code    10  stm32f10x_rcc.o(.text)
    RCC_RTCCLKCmd                            0x08000775   Thumb Code     8  stm32f10x_rcc.o(.text)
    RCC_GetClocksFreq                        0x0800077d   Thumb Code   132  stm32f10x_rcc.o(.text)
    RCC_AHBPeriphClockCmd                    0x08000801   Thumb Code    18  stm32f10x_rcc.o(.text)
    RCC_APB2PeriphClockCmd                   0x08000813   Thumb Code    18  stm32f10x_rcc.o(.text)
    RCC_APB1PeriphClockCmd                   0x08000825   Thumb Code    18  stm32f10x_rcc.o(.text)
    RCC_APB2PeriphResetCmd                   0x08000837   Thumb Code    18  stm32f10x_rcc.o(.text)
    RCC_APB1PeriphResetCmd                   0x08000849   Thumb Code    18  stm32f10x_rcc.o(.text)
    RCC_BackupResetCmd                       0x0800085b   Thumb Code     8  stm32f10x_rcc.o(.text)
    RCC_ClockSecuritySystemCmd               0x08000863   Thumb Code     6  stm32f10x_rcc.o(.text)
    RCC_MCOConfig                            0x08000869   Thumb Code     6  stm32f10x_rcc.o(.text)
    RCC_ClearFlag                            0x0800086f   Thumb Code    12  stm32f10x_rcc.o(.text)
    RCC_GetITStatus                          0x0800087b   Thumb Code    16  stm32f10x_rcc.o(.text)
    RCC_ClearITPendingBit                    0x0800088b   Thumb Code     6  stm32f10x_rcc.o(.text)
    SPI_I2S_DeInit                           0x080008b1   Thumb Code    72  stm32f10x_spi.o(.text)
    SPI_Init                                 0x080008f9   Thumb Code    56  stm32f10x_spi.o(.text)
    I2S_Init                                 0x08000931   Thumb Code   150  stm32f10x_spi.o(.text)
    SPI_StructInit                           0x080009c7   Thumb Code    24  stm32f10x_spi.o(.text)
    I2S_StructInit                           0x080009df   Thumb Code    18  stm32f10x_spi.o(.text)
    SPI_Cmd                                  0x080009f1   Thumb Code    20  stm32f10x_spi.o(.text)
    I2S_Cmd                                  0x08000a05   Thumb Code    20  stm32f10x_spi.o(.text)
    SPI_I2S_ITConfig                         0x08000a19   Thumb Code    24  stm32f10x_spi.o(.text)
    SPI_I2S_DMACmd                           0x08000a31   Thumb Code    16  stm32f10x_spi.o(.text)
    SPI_I2S_SendData                         0x08000a41   Thumb Code     4  stm32f10x_spi.o(.text)
    SPI_I2S_ReceiveData                      0x08000a45   Thumb Code     4  stm32f10x_spi.o(.text)
    SPI_NSSInternalSoftwareConfig            0x08000a49   Thumb Code    24  stm32f10x_spi.o(.text)
    SPI_SSOutputCmd                          0x08000a61   Thumb Code    20  stm32f10x_spi.o(.text)
    SPI_DataSizeConfig                       0x08000a75   Thumb Code    16  stm32f10x_spi.o(.text)
    SPI_TransmitCRC                          0x08000a85   Thumb Code    10  stm32f10x_spi.o(.text)
    SPI_CalculateCRC                         0x08000a8f   Thumb Code    20  stm32f10x_spi.o(.text)
    SPI_GetCRC                               0x08000aa3   Thumb Code    12  stm32f10x_spi.o(.text)
    SPI_GetCRCPolynomial                     0x08000aaf   Thumb Code     4  stm32f10x_spi.o(.text)
    SPI_BiDirectionalLineConfig              0x08000ab3   Thumb Code    22  stm32f10x_spi.o(.text)
    SPI_I2S_GetFlagStatus                    0x08000ac9   Thumb Code    14  stm32f10x_spi.o(.text)
    SPI_I2S_ClearFlag                        0x08000ad7   Thumb Code     6  stm32f10x_spi.o(.text)
    SPI_I2S_GetITStatus                      0x08000add   Thumb Code    44  stm32f10x_spi.o(.text)
    SPI_I2S_ClearITPendingBit                0x08000b09   Thumb Code    14  stm32f10x_spi.o(.text)
    USART_DeInit                             0x08000b25   Thumb Code    96  stm32f10x_usart.o(.text)
    USART_Init                               0x08000b85   Thumb Code   176  stm32f10x_usart.o(.text)
    USART_StructInit                         0x08000c35   Thumb Code    22  stm32f10x_usart.o(.text)
    USART_ClockInit                          0x08000c4b   Thumb Code    30  stm32f10x_usart.o(.text)
    USART_ClockStructInit                    0x08000c69   Thumb Code    12  stm32f10x_usart.o(.text)
    USART_Cmd                                0x08000c75   Thumb Code    20  stm32f10x_usart.o(.text)
    USART_ITConfig                           0x08000c89   Thumb Code    48  stm32f10x_usart.o(.text)
    USART_DMACmd                             0x08000cb9   Thumb Code    16  stm32f10x_usart.o(.text)
    USART_SetAddress                         0x08000cc9   Thumb Code    16  stm32f10x_usart.o(.text)
    USART_WakeUpConfig                       0x08000cd9   Thumb Code    16  stm32f10x_usart.o(.text)
    USART_ReceiverWakeUpCmd                  0x08000ce9   Thumb Code    20  stm32f10x_usart.o(.text)
    USART_LINBreakDetectLengthConfig         0x08000cfd   Thumb Code    16  stm32f10x_usart.o(.text)
    USART_LINCmd                             0x08000d0d   Thumb Code    20  stm32f10x_usart.o(.text)
    USART_SendData                           0x08000d21   Thumb Code     8  stm32f10x_usart.o(.text)
    USART_ReceiveData                        0x08000d29   Thumb Code     8  stm32f10x_usart.o(.text)
    USART_SendBreak                          0x08000d31   Thumb Code    10  stm32f10x_usart.o(.text)
    USART_SetGuardTime                       0x08000d3b   Thumb Code    16  stm32f10x_usart.o(.text)
    USART_SetPrescaler                       0x08000d4b   Thumb Code    16  stm32f10x_usart.o(.text)
    USART_SmartCardCmd                       0x08000d5b   Thumb Code    20  stm32f10x_usart.o(.text)
    USART_SmartCardNACKCmd                   0x08000d6f   Thumb Code    20  stm32f10x_usart.o(.text)
    USART_HalfDuplexCmd                      0x08000d83   Thumb Code    20  stm32f10x_usart.o(.text)
    USART_OverSampling8Cmd                   0x08000d97   Thumb Code    20  stm32f10x_usart.o(.text)
    USART_OneBitMethodCmd                    0x08000dab   Thumb Code    20  stm32f10x_usart.o(.text)
    USART_IrDAConfig                         0x08000dbf   Thumb Code    16  stm32f10x_usart.o(.text)
    USART_IrDACmd                            0x08000dcf   Thumb Code    20  stm32f10x_usart.o(.text)
    USART_GetFlagStatus                      0x08000de3   Thumb Code    14  stm32f10x_usart.o(.text)
    USART_ClearFlag                          0x08000df1   Thumb Code     6  stm32f10x_usart.o(.text)
    USART_GetITStatus                        0x08000df7   Thumb Code    62  stm32f10x_usart.o(.text)
    USART_ClearITPendingBit                  0x08000e35   Thumb Code    12  stm32f10x_usart.o(.text)
    FLASH_SetLatency                         0x08000e55   Thumb Code    14  stm32f10x_flash.o(.text)
    FLASH_HalfCycleAccessCmd                 0x08000e63   Thumb Code    18  stm32f10x_flash.o(.text)
    FLASH_PrefetchBufferCmd                  0x08000e75   Thumb Code    18  stm32f10x_flash.o(.text)
    FLASH_Unlock                             0x08000e87   Thumb Code    12  stm32f10x_flash.o(.text)
    FLASH_UnlockBank1                        0x08000e93   Thumb Code    12  stm32f10x_flash.o(.text)
    FLASH_Lock                               0x08000e9f   Thumb Code    12  stm32f10x_flash.o(.text)
    FLASH_LockBank1                          0x08000eab   Thumb Code    12  stm32f10x_flash.o(.text)
    FLASH_GetBank1Status                     0x08000eb7   Thumb Code    34  stm32f10x_flash.o(.text)
    FLASH_WaitForLastOperation               0x08000ed9   Thumb Code    34  stm32f10x_flash.o(.text)
    FLASH_ErasePage                          0x08000efb   Thumb Code    56  stm32f10x_flash.o(.text)
    FLASH_EraseAllPages                      0x08000f33   Thumb Code    52  stm32f10x_flash.o(.text)
    FLASH_WaitForLastBank1Operation          0x08000f67   Thumb Code    34  stm32f10x_flash.o(.text)
    FLASH_EraseAllBank1Pages                 0x08000f89   Thumb Code    52  stm32f10x_flash.o(.text)
    FLASH_GetReadOutProtectionStatus         0x08000fbd   Thumb Code    14  stm32f10x_flash.o(.text)
    FLASH_EraseOptionBytes                   0x08000fcb   Thumb Code   108  stm32f10x_flash.o(.text)
    FLASH_ProgramWord                        0x08001037   Thumb Code    72  stm32f10x_flash.o(.text)
    FLASH_ProgramHalfWord                    0x0800107f   Thumb Code    48  stm32f10x_flash.o(.text)
    FLASH_ProgramOptionByteData              0x080010af   Thumb Code    62  stm32f10x_flash.o(.text)
    FLASH_EnableWriteProtection              0x080010ed   Thumb Code   158  stm32f10x_flash.o(.text)
    FLASH_ReadOutProtection                  0x0800118b   Thumb Code   118  stm32f10x_flash.o(.text)
    FLASH_UserOptionByteConfig               0x08001201   Thumb Code    92  stm32f10x_flash.o(.text)
    FLASH_GetUserOptionByte                  0x0800125d   Thumb Code     8  stm32f10x_flash.o(.text)
    FLASH_GetWriteProtectionOptionByte       0x08001265   Thumb Code     6  stm32f10x_flash.o(.text)
    FLASH_GetPrefetchBufferStatus            0x0800126b   Thumb Code    14  stm32f10x_flash.o(.text)
    FLASH_ITConfig                           0x08001279   Thumb Code    18  stm32f10x_flash.o(.text)
    FLASH_GetFlagStatus                      0x0800128b   Thumb Code    28  stm32f10x_flash.o(.text)
    FLASH_ClearFlag                          0x080012a7   Thumb Code     6  stm32f10x_flash.o(.text)
    FLASH_GetStatus                          0x080012ad   Thumb Code    34  stm32f10x_flash.o(.text)
    TIM_DeInit                               0x080012d5   Thumb Code   304  stm32f10x_tim.o(.text)
    TIM_TimeBaseInit                         0x08001405   Thumb Code   114  stm32f10x_tim.o(.text)
    TIM_OC1Init                              0x08001477   Thumb Code   106  stm32f10x_tim.o(.text)
    TIM_OC2Init                              0x080014e1   Thumb Code   120  stm32f10x_tim.o(.text)
    TIM_OC3Init                              0x08001559   Thumb Code   116  stm32f10x_tim.o(.text)
    TIM_OC4Init                              0x080015cd   Thumb Code    90  stm32f10x_tim.o(.text)
    TIM_SetIC4Prescaler                      0x08001627   Thumb Code    24  stm32f10x_tim.o(.text)
    TIM_SetIC3Prescaler                      0x0800163f   Thumb Code    16  stm32f10x_tim.o(.text)
    TIM_SetIC2Prescaler                      0x0800164f   Thumb Code    24  stm32f10x_tim.o(.text)
    TIM_SetIC1Prescaler                      0x0800170d   Thumb Code    16  stm32f10x_tim.o(.text)
    TIM_ICInit                               0x08001775   Thumb Code   270  stm32f10x_tim.o(.text)
    TIM_PWMIConfig                           0x08001883   Thumb Code   104  stm32f10x_tim.o(.text)
    TIM_BDTRConfig                           0x080018eb   Thumb Code    34  stm32f10x_tim.o(.text)
    TIM_TimeBaseStructInit                   0x0800190d   Thumb Code    18  stm32f10x_tim.o(.text)
    TIM_OCStructInit                         0x0800191f   Thumb Code    20  stm32f10x_tim.o(.text)
    TIM_ICStructInit                         0x08001933   Thumb Code    16  stm32f10x_tim.o(.text)
    TIM_BDTRStructInit                       0x08001943   Thumb Code    18  stm32f10x_tim.o(.text)
    TIM_Cmd                                  0x08001955   Thumb Code    20  stm32f10x_tim.o(.text)
    TIM_CtrlPWMOutputs                       0x08001969   Thumb Code    22  stm32f10x_tim.o(.text)
    TIM_ITConfig                             0x0800197f   Thumb Code    16  stm32f10x_tim.o(.text)
    TIM_GenerateEvent                        0x0800198f   Thumb Code     4  stm32f10x_tim.o(.text)
    TIM_DMAConfig                            0x08001993   Thumb Code     8  stm32f10x_tim.o(.text)
    TIM_DMACmd                               0x0800199b   Thumb Code    16  stm32f10x_tim.o(.text)
    TIM_InternalClockConfig                  0x080019ab   Thumb Code    10  stm32f10x_tim.o(.text)
    TIM_SelectInputTrigger                   0x080019b5   Thumb Code    12  stm32f10x_tim.o(.text)
    TIM_ITRxExternalClockConfig              0x080019c1   Thumb Code    18  stm32f10x_tim.o(.text)
    TIM_TIxExternalClockConfig               0x080019d3   Thumb Code    46  stm32f10x_tim.o(.text)
    TIM_ETRConfig                            0x08001a01   Thumb Code    24  stm32f10x_tim.o(.text)
    TIM_ETRClockMode1Config                  0x08001a19   Thumb Code    18  stm32f10x_tim.o(.text)
    TIM_ETRClockMode2Config                  0x08001a2b   Thumb Code    18  stm32f10x_tim.o(.text)
    TIM_PrescalerConfig                      0x08001a3d   Thumb Code     6  stm32f10x_tim.o(.text)
    TIM_CounterModeConfig                    0x08001a43   Thumb Code    12  stm32f10x_tim.o(.text)
    TIM_EncoderInterfaceConfig               0x08001a4f   Thumb Code    50  stm32f10x_tim.o(.text)
    TIM_ForcedOC1Config                      0x08001a81   Thumb Code    12  stm32f10x_tim.o(.text)
    TIM_ForcedOC2Config                      0x08001a8d   Thumb Code    20  stm32f10x_tim.o(.text)
    TIM_ForcedOC3Config                      0x08001aa1   Thumb Code    12  stm32f10x_tim.o(.text)
    TIM_ForcedOC4Config                      0x08001aad   Thumb Code    20  stm32f10x_tim.o(.text)
    TIM_ARRPreloadConfig                     0x08001ac1   Thumb Code    20  stm32f10x_tim.o(.text)
    TIM_SelectCOM                            0x08001ad5   Thumb Code    20  stm32f10x_tim.o(.text)
    TIM_SelectCCDMA                          0x08001ae9   Thumb Code    20  stm32f10x_tim.o(.text)
    TIM_CCPreloadControl                     0x08001afd   Thumb Code    20  stm32f10x_tim.o(.text)
    TIM_OC1PreloadConfig                     0x08001b11   Thumb Code    32  stm32f10x_tim.o(.text)
    TIM_OC2PreloadConfig                     0x08001b31   Thumb Code    20  stm32f10x_tim.o(.text)
    TIM_OC3PreloadConfig                     0x08001b45   Thumb Code    12  stm32f10x_tim.o(.text)
    TIM_OC4PreloadConfig                     0x08001b51   Thumb Code    20  stm32f10x_tim.o(.text)
    TIM_OC1FastConfig                        0x08001b65   Thumb Code    12  stm32f10x_tim.o(.text)
    TIM_OC2FastConfig                        0x08001b71   Thumb Code    20  stm32f10x_tim.o(.text)
    TIM_OC3FastConfig                        0x08001b85   Thumb Code    12  stm32f10x_tim.o(.text)
    TIM_OC4FastConfig                        0x08001b91   Thumb Code    20  stm32f10x_tim.o(.text)
    TIM_ClearOC1Ref                          0x08001ba5   Thumb Code    12  stm32f10x_tim.o(.text)
    TIM_ClearOC2Ref                          0x08001bb1   Thumb Code    20  stm32f10x_tim.o(.text)
    TIM_ClearOC3Ref                          0x08001bc5   Thumb Code    12  stm32f10x_tim.o(.text)
    TIM_ClearOC4Ref                          0x08001bd1   Thumb Code    20  stm32f10x_tim.o(.text)
    TIM_OC1PolarityConfig                    0x08001be5   Thumb Code    12  stm32f10x_tim.o(.text)
    TIM_OC1NPolarityConfig                   0x08001bf1   Thumb Code    12  stm32f10x_tim.o(.text)
    TIM_OC2PolarityConfig                    0x08001bfd   Thumb Code    20  stm32f10x_tim.o(.text)
    TIM_OC2NPolarityConfig                   0x08001c11   Thumb Code    20  stm32f10x_tim.o(.text)
    TIM_OC3PolarityConfig                    0x08001c25   Thumb Code    20  stm32f10x_tim.o(.text)
    TIM_OC3NPolarityConfig                   0x08001c39   Thumb Code    20  stm32f10x_tim.o(.text)
    TIM_OC4PolarityConfig                    0x08001c4d   Thumb Code    20  stm32f10x_tim.o(.text)
    TIM_CCxCmd                               0x08001c61   Thumb Code    22  stm32f10x_tim.o(.text)
    TIM_CCxNCmd                              0x08001c77   Thumb Code    22  stm32f10x_tim.o(.text)
    TIM_SelectOCxM                           0x08001c8d   Thumb Code    70  stm32f10x_tim.o(.text)
    TIM_UpdateDisableConfig                  0x08001cd3   Thumb Code    20  stm32f10x_tim.o(.text)
    TIM_UpdateRequestConfig                  0x08001ce7   Thumb Code    20  stm32f10x_tim.o(.text)
    TIM_SelectHallSensor                     0x08001cfb   Thumb Code    20  stm32f10x_tim.o(.text)
    TIM_SelectOnePulseMode                   0x08001d0f   Thumb Code    16  stm32f10x_tim.o(.text)
    TIM_SelectOutputTrigger                  0x08001d1f   Thumb Code    16  stm32f10x_tim.o(.text)
    TIM_SelectSlaveMode                      0x08001d2f   Thumb Code    16  stm32f10x_tim.o(.text)
    TIM_SelectMasterSlaveMode                0x08001d3f   Thumb Code    16  stm32f10x_tim.o(.text)
    TIM_SetCounter                           0x08001d4f   Thumb Code     4  stm32f10x_tim.o(.text)
    TIM_SetAutoreload                        0x08001d53   Thumb Code     4  stm32f10x_tim.o(.text)
    TIM_SetCompare1                          0x08001d57   Thumb Code     4  stm32f10x_tim.o(.text)
    TIM_SetCompare2                          0x08001d5b   Thumb Code     4  stm32f10x_tim.o(.text)
    TIM_SetCompare3                          0x08001d5f   Thumb Code     4  stm32f10x_tim.o(.text)
    TIM_SetCompare4                          0x08001d63   Thumb Code     6  stm32f10x_tim.o(.text)
    TIM_SetClockDivision                     0x08001d69   Thumb Code    16  stm32f10x_tim.o(.text)
    TIM_GetCapture1                          0x08001d79   Thumb Code     4  stm32f10x_tim.o(.text)
    TIM_GetCapture2                          0x08001d7d   Thumb Code     4  stm32f10x_tim.o(.text)
    TIM_GetCapture3                          0x08001d81   Thumb Code     4  stm32f10x_tim.o(.text)
    TIM_GetCapture4                          0x08001d85   Thumb Code     6  stm32f10x_tim.o(.text)
    TIM_GetCounter                           0x08001d8b   Thumb Code     4  stm32f10x_tim.o(.text)
    TIM_GetPrescaler                         0x08001d8f   Thumb Code     4  stm32f10x_tim.o(.text)
    TIM_GetFlagStatus                        0x08001d93   Thumb Code    14  stm32f10x_tim.o(.text)
    TIM_ClearFlag                            0x08001da1   Thumb Code     6  stm32f10x_tim.o(.text)
    TIM_GetITStatus                          0x08001da7   Thumb Code    24  stm32f10x_tim.o(.text)
    TIM_ClearITPendingBit                    0x08001dbf   Thumb Code     6  stm32f10x_tim.o(.text)
    DMA_DeInit                               0x08001dc5   Thumb Code   218  stm32f10x_dma.o(.text)
    DMA_Init                                 0x08001e9f   Thumb Code    58  stm32f10x_dma.o(.text)
    DMA_StructInit                           0x08001ed9   Thumb Code    26  stm32f10x_dma.o(.text)
    DMA_Cmd                                  0x08001ef3   Thumb Code    22  stm32f10x_dma.o(.text)
    DMA_ITConfig                             0x08001f09   Thumb Code    16  stm32f10x_dma.o(.text)
    DMA_SetCurrDataCounter                   0x08001f19   Thumb Code     4  stm32f10x_dma.o(.text)
    DMA_GetCurrDataCounter                   0x08001f1d   Thumb Code     6  stm32f10x_dma.o(.text)
    DMA_GetFlagStatus                        0x08001f23   Thumb Code    28  stm32f10x_dma.o(.text)
    DMA_ClearFlag                            0x08001f3f   Thumb Code    20  stm32f10x_dma.o(.text)
    DMA_GetITStatus                          0x08001f53   Thumb Code    28  stm32f10x_dma.o(.text)
    DMA_ClearITPendingBit                    0x08001f6f   Thumb Code    20  stm32f10x_dma.o(.text)
    SI4432_ReadReg                           0x08001f8d   Thumb Code    44  si4432.o(.text)
    SI4432_WriteReg                          0x08001fb9   Thumb Code    48  si4432.o(.text)
    SI4432_Init                              0x08001fe9   Thumb Code   408  si4432.o(.text)
    SI4432_GPIOSet                           0x08002181   Thumb Code   290  si4432.o(.text)
    SI4432_Configuration                     0x080022a3   Thumb Code    50  si4432.o(.text)
    sending                                  0x080022d5   Thumb Code   218  si4432.o(.text)
    Enable_4432EXIT                          0x080023af   Thumb Code    48  si4432.o(.text)
    Disable_4432EXIT                         0x080023df   Thumb Code    46  si4432.o(.text)
    delay_10us                               0x0800240d   Thumb Code    20  base.o(.text)
    SendChar                                 0x08002421   Thumb Code    32  base.o(.text)
    SendString                               0x08002441   Thumb Code    22  base.o(.text)
    Send2Char                                0x08002457   Thumb Code    32  base.o(.text)
    Send2String                              0x08002477   Thumb Code    22  base.o(.text)
    Outint                                   0x0800248d   Thumb Code   108  base.o(.text)
    DelayMs                                  0x080024f9   Thumb Code    22  base.o(.text)
    MyExtiNvicInit                           0x08002519   Thumb Code   164  stm32init.o(.text)
    MyUsartInit                              0x080025bd   Thumb Code   168  stm32init.o(.text)
    MyRCCInit                                0x08002665   Thumb Code    96  stm32init.o(.text)
    STM32_Init                               0x080026c5   Thumb Code    22  stm32init.o(.text)
    mySPI_Init                               0x080026db   Thumb Code   112  stm32init.o(.text)
    myEXIT_Init                              0x0800274b   Thumb Code     2  stm32init.o(.text)
    MyLedInit                                0x0800274d   Thumb Code    42  stm32init.o(.text)
    SI4432_GPIOInit                          0x08002777   Thumb Code    80  stm32init.o(.text)
    SystemInit                               0x080027dd   Thumb Code     2  bsp.o(.text)
    RCCInit                                  0x080027df   Thumb Code   114  bsp.o(.text)
    BSP_Init                                 0x08002851   Thumb Code    54  bsp.o(.text)
    MyFlagInit                               0x08002887   Thumb Code    12  bsp.o(.text)
    MyTim3PWMInit                            0x08002893   Thumb Code   126  bsp.o(.text)
    MyTIM1InterruptNvicInit                  0x08002911   Thumb Code    38  bsp.o(.text)
    MyTIM1CaptureInit                        0x08002937   Thumb Code   192  bsp.o(.text)
    DMA_Configuration                        0x080029f7   Thumb Code   204  bsp.o(.text)
    SysTickInit                              0x08002ac3   Thumb Code    54  bsp.o(.text)
    Empty_Array                              0x08002b2d   Thumb Code    18  encrypt.o(.text)
    Data_Encrypt                             0x08002b3f   Thumb Code   186  encrypt.o(.text)
    Data_Decrypt                             0x08002bf9   Thumb Code   176  encrypt.o(.text)
    Check_Id                                 0x08002ca9   Thumb Code    56  encrypt.o(.text)
    SI4432_Protocol                          0x08002ce1   Thumb Code   348  encrypt.o(.text)
    SPI_WriteByte                            0x08002e7d   Thumb Code    76  spi.o(.text)
    SPI1_Init                                0x08002ec9   Thumb Code   174  spi.o(.text)
    SPI2_ReadWriteByte                       0x08002f77   Thumb Code    76  spi.o(.text)
    SPI2_Init                                0x08002fc3   Thumb Code   128  spi.o(.text)
    SPI1_SetSpeed                            0x08003043   Thumb Code    24  spi.o(.text)
    spi_send_byte                            0x0800305b   Thumb Code    48  spi.o(.text)
    Flash_Write_Without_check                0x08003099   Thumb Code    54  dataflash.o(.text)
    Flash_Read                               0x080030cf   Thumb Code    22  dataflash.o(.text)
    Flash_Write                              0x080030e5   Thumb Code   194  dataflash.o(.text)
    WatchDog_Init                            0x080031a9   Thumb Code    24  iwatchdog.o(.text)
    WatchDog_Feed                            0x080031c1   Thumb Code    10  iwatchdog.o(.text)
    NMI_Handler                              0x080031d1   Thumb Code     2  stm32f10x_it.o(.text)
    HardFault_Handler                        0x080031d3   Thumb Code     2  stm32f10x_it.o(.text)
    MemManage_Handler                        0x080031d5   Thumb Code     2  stm32f10x_it.o(.text)
    BusFault_Handler                         0x080031d7   Thumb Code     2  stm32f10x_it.o(.text)
    UsageFault_Handler                       0x080031d9   Thumb Code     2  stm32f10x_it.o(.text)
    SVC_Handler                              0x080031db   Thumb Code     2  stm32f10x_it.o(.text)
    DebugMon_Handler                         0x080031dd   Thumb Code     2  stm32f10x_it.o(.text)
    SysTick_Handler                          0x080031df   Thumb Code    30  stm32f10x_it.o(.text)
    USART1_IRQHandler                        0x080031fd   Thumb Code   222  stm32f10x_it.o(.text)
    USART2_IRQHandler                        0x080032db   Thumb Code   168  stm32f10x_it.o(.text)
    DMA1_Channel6_IRQHandler                 0x08003383   Thumb Code    50  stm32f10x_it.o(.text)
    DMA1_Channel7_IRQHandler                 0x080033b5   Thumb Code    36  stm32f10x_it.o(.text)
    TIM4_IRQHandler                          0x080033d9   Thumb Code     2  stm32f10x_it.o(.text)
    TIM2_IRQHandler                          0x080033db   Thumb Code     2  stm32f10x_it.o(.text)
    TIM1_CC_IRQHandler                       0x080033dd   Thumb Code    30  stm32f10x_it.o(.text)
    EXTI15_10_IRQHandler                     0x080033fb   Thumb Code    46  stm32f10x_it.o(.text)
    EXTI2_IRQHandler                         0x08003429   Thumb Code     2  stm32f10x_it.o(.text)
    main                                     0x08003459   Thumb Code    26  app.o(.text)
    SendIDProtocol                           0x0800347d   Thumb Code    60  protocol.o(.text)
    SendIDAck                                0x080034b9   Thumb Code    66  protocol.o(.text)
    SendProtocol                             0x080034fb   Thumb Code   150  protocol.o(.text)
    Send_IRcmd                               0x08003591   Thumb Code    42  protocol.o(.text)
    Send_Stop                                0x080035bb   Thumb Code    76  protocol.o(.text)
    Send_LenStop                             0x08003607   Thumb Code    74  protocol.o(.text)
    Send_IRLenData                           0x08003651   Thumb Code   102  protocol.o(.text)
    ReV_CH361ReVProtocol                     0x080036b7   Thumb Code   316  protocol.o(.text)
    TaskProtocol                             0x0800381d   Thumb Code   114  taskprotocol.o(.text)
    TaskProtoSend                            0x080038b5   Thumb Code   364  taskprotosend.o(.text)
    TaskTest                                 0x08003a4d   Thumb Code   376  tasktest.o(.text)
    TaskSet                                  0x08003c11   Thumb Code   380  taskset.o(.text)
    TaskSi4432Read                           0x08003de1   Thumb Code   214  tasksi4432read.o(.text)
    OS_StrCopy                               0x08003ed5   Thumb Code    28  os_core.o(.text)
    OSEventNameGet                           0x08003ef1   Thumb Code    96  os_core.o(.text)
    OS_StrLen                                0x08003f51   Thumb Code    20  os_core.o(.text)
    OSEventNameSet                           0x08003f65   Thumb Code   106  os_core.o(.text)
    OS_EventTaskRemoveMulti                  0x08003fcf   Thumb Code    38  os_core.o(.text)
    OS_Sched                                 0x08003ff5   Thumb Code    64  os_core.o(.text)
    OS_EventTaskWaitMulti                    0x08004035   Thumb Code    84  os_core.o(.text)
    OSEventPendMulti                         0x08004089   Thumb Code   472  os_core.o(.text)
    OS_TaskStatStkChk                        0x08004261   Thumb Code    50  os_core.o(.text)
    OS_TaskStat                              0x08004293   Thumb Code    90  os_core.o(.text)
    OS_TaskIdle                              0x080042ed   Thumb Code    22  os_core.o(.text)
    OS_MemClr                                0x08004303   Thumb Code    18  os_core.o(.text)
    OSInit                                   0x08004315   Thumb Code   290  os_core.o(.text)
    OSIntEnter                               0x08004437   Thumb Code    20  os_core.o(.text)
    OSIntExit                                0x0800444b   Thumb Code    84  os_core.o(.text)
    OSSchedLock                              0x0800449f   Thumb Code    38  os_core.o(.text)
    OSSchedUnlock                            0x080044c5   Thumb Code    52  os_core.o(.text)
    OSStart                                  0x080044f9   Thumb Code    40  os_core.o(.text)
    OSStatInit                               0x08004521   Thumb Code    48  os_core.o(.text)
    OSTimeTick                               0x08004551   Thumb Code   158  os_core.o(.text)
    OSVersion                                0x080045ef   Thumb Code     6  os_core.o(.text)
    OS_Dummy                                 0x080045f5   Thumb Code     2  os_core.o(.text)
    OS_EventTaskRemove                       0x080045f7   Thumb Code    32  os_core.o(.text)
    OS_EventTaskRdy                          0x08004617   Thumb Code   114  os_core.o(.text)
    OS_EventTaskWait                         0x08004689   Thumb Code   124  os_core.o(.text)
    OS_EventWaitListInit                     0x08004705   Thumb Code    22  os_core.o(.text)
    OS_MemCopy                               0x0800471b   Thumb Code    20  os_core.o(.text)
    OS_TCBInit                               0x0800472f   Thumb Code   212  os_core.o(.text)
    OSFlagAccept                             0x08004829   Thumb Code   162  os_flag.o(.text)
    OSFlagCreate                             0x080048cb   Thumb Code    72  os_flag.o(.text)
    OS_FlagUnlink                            0x08004913   Thumb Code    32  os_flag.o(.text)
    OSFlagDel                                0x08004979   Thumb Code   198  os_flag.o(.text)
    OSFlagNameGet                            0x08004a3f   Thumb Code    88  os_flag.o(.text)
    OSFlagNameSet                            0x08004a97   Thumb Code   100  os_flag.o(.text)
    OSFlagPend                               0x08004b4f   Thumb Code   382  os_flag.o(.text)
    OSFlagPendGetFlagsRdy                    0x08004ccd   Thumb Code    20  os_flag.o(.text)
    OSFlagPost                               0x08004ce1   Thumb Code   188  os_flag.o(.text)
    OSFlagQuery                              0x08004d9d   Thumb Code    46  os_flag.o(.text)
    OS_FlagInit                              0x08004dcb   Thumb Code    60  os_flag.o(.text)
    OSQAccept                                0x08004e15   Thumb Code    86  os_q.o(.text)
    OSQCreate                                0x08004e6b   Thumb Code   116  os_q.o(.text)
    OSQDel                                   0x08004edf   Thumb Code   240  os_q.o(.text)
    OSQFlush                                 0x08004fcf   Thumb Code    48  os_q.o(.text)
    OSQPend                                  0x08004fff   Thumb Code   214  os_q.o(.text)
    OSQPendAbort                             0x080050d5   Thumb Code   116  os_q.o(.text)
    OSQPost                                  0x08005149   Thumb Code   112  os_q.o(.text)
    OSQPostFront                             0x080051b9   Thumb Code   110  os_q.o(.text)
    OSQPostOpt                               0x08005227   Thumb Code   190  os_q.o(.text)
    OSQQuery                                 0x080052e5   Thumb Code    94  os_q.o(.text)
    OS_QInit                                 0x08005343   Thumb Code    46  os_q.o(.text)
    OSTaskChangePrio                         0x08005379   Thumb Code   344  os_task.o(.text)
    OSTaskCreate                             0x080054d1   Thumb Code   132  os_task.o(.text)
    OS_TaskStkClr                            0x08005555   Thumb Code    22  os_task.o(.text)
    OSTaskCreateExt                          0x0800556b   Thumb Code   152  os_task.o(.text)
    OSTaskDel                                0x08005603   Thumb Code   286  os_task.o(.text)
    OSTaskDelReq                             0x08005721   Thumb Code   128  os_task.o(.text)
    OSTaskNameGet                            0x080057a1   Thumb Code   112  os_task.o(.text)
    OSTaskNameSet                            0x08005811   Thumb Code   130  os_task.o(.text)
    OSTaskResume                             0x08005893   Thumb Code   126  os_task.o(.text)
    OSTaskStkChk                             0x08005911   Thumb Code   126  os_task.o(.text)
    OSTaskSuspend                            0x0800598f   Thumb Code   148  os_task.o(.text)
    OSTaskQuery                              0x08005a23   Thumb Code    94  os_task.o(.text)
    OSTimeDly                                0x08005a99   Thumb Code    74  os_time.o(.text)
    OSTimeDlyHMSM                            0x08005ae3   Thumb Code   128  os_time.o(.text)
    OSTimeDlyResume                          0x08005b63   Thumb Code   132  os_time.o(.text)
    OSTimeGet                                0x08005be7   Thumb Code    18  os_time.o(.text)
    OSTimeSet                                0x08005bf9   Thumb Code    20  os_time.o(.text)
    OS_CPU_SR_Save                           0x08005c25   Thumb Code     0  os_cpu_a.o(.text)
    OS_CPU_SR_Restore                        0x08005c2d   Thumb Code     0  os_cpu_a.o(.text)
    OSStartHighRdy                           0x08005c33   Thumb Code     0  os_cpu_a.o(.text)
    OSCtxSw                                  0x08005c53   Thumb Code     0  os_cpu_a.o(.text)
    OSIntCtxSw                               0x08005c5d   Thumb Code     0  os_cpu_a.o(.text)
    PendSV_Handler                           0x08005c67   Thumb Code     0  os_cpu_a.o(.text)
    OSInitHookBegin                          0x08005cc9   Thumb Code     2  os_cpu_c.o(.text)
    OSInitHookEnd                            0x08005ccb   Thumb Code     2  os_cpu_c.o(.text)
    OSTaskCreateHook                         0x08005ccd   Thumb Code     2  os_cpu_c.o(.text)
    OSTaskDelHook                            0x08005ccf   Thumb Code     2  os_cpu_c.o(.text)
    OSTaskIdleHook                           0x08005cd1   Thumb Code     2  os_cpu_c.o(.text)
    OSTaskStatHook                           0x08005cd3   Thumb Code     2  os_cpu_c.o(.text)
    OSTaskStkInit                            0x08005cd5   Thumb Code   114  os_cpu_c.o(.text)
    OSTaskSwHook                             0x08005d47   Thumb Code     2  os_cpu_c.o(.text)
    OSTCBInitHook                            0x08005d49   Thumb Code     2  os_cpu_c.o(.text)
    OSTimeTickHook                           0x08005d4b   Thumb Code     2  os_cpu_c.o(.text)
    OSDebugInit                              0x08005d4d   Thumb Code     2  os_dbg.o(.text)
    srand                                    0x08005d51   Thumb Code    42  rand.o(.text)
    _rand_init                               0x08005d7b   Thumb Code     4  rand.o(.text)
    memcmp                                   0x08005d8d   Thumb Code    88  memcmp.o(.text)
    __use_two_region_memory                  0x08005de5   Thumb Code     2  heapauxi.o(.text)
    __rt_heap_escrow$2region                 0x08005de7   Thumb Code     2  heapauxi.o(.text)
    __rt_heap_expand$2region                 0x08005de9   Thumb Code     2  heapauxi.o(.text)
    __user_setup_stackheap                   0x08005deb   Thumb Code    74  sys_stackheap_outer.o(.text)
    exit                                     0x08005e35   Thumb Code    12  exit.o(.text)
    __user_libspace                          0x08005e41   Thumb Code     8  libspace.o(.text)
    __user_perproc_libspace                  0x08005e41   Thumb Code     0  libspace.o(.text)
    __user_perthread_libspace                0x08005e41   Thumb Code     0  libspace.o(.text)
    __I$use$semihosting                      0x08005e49   Thumb Code     0  use_no_semi.o(.text)
    __use_no_semihosting_swi                 0x08005e49   Thumb Code     2  use_no_semi.o(.text)
    __semihosting_library_function           0x08005e4b   Thumb Code     0  indicate_semi.o(.text)
    _sys_exit                                0x08005e4d   Thumb Code     8  sys_exit.o(.text)
    Roll_key                                 0x08005e58   Data         256  encrypt.o(.constdata)
    OSUnMapTbl                               0x08005f58   Data         256  os_core.o(.constdata)
    Region$$Table$$Base                      0x08006058   Number         0  anon$$obj.o(Region$$Table)
    Region$$Table$$Limit                     0x08006078   Number         0  anon$$obj.o(Region$$Table)
    SI4432_RxCount                           0x20000014   Data           1  si4432.o(.data)
    ItStatus1                                0x20000015   Data           1  si4432.o(.data)
    ItStatus2                                0x20000016   Data           1  si4432.o(.data)
    si4432_rev_en                            0x20000017   Data           1  si4432.o(.data)
    Flag                                     0x20000018   Data           1  base.o(.data)
    Send_Legth                               0x2000001c   Data           1  encrypt.o(.data)
    test_roll_list                           0x2000001e   Data           1  encrypt.o(.data)
    si4432_buff1                             0x2000001f   Data           3  encrypt.o(.data)
    si4432_buff2                             0x20000022   Data           3  encrypt.o(.data)
    si4432_buff3                             0x20000025   Data           3  encrypt.o(.data)
    SI4432p                                  0x20000028   Data           4  encrypt.o(.data)
    checkID_data                             0x2000002c   Data           4  encrypt.o(.data)
    test_charger                             0x20000030   Data          18  encrypt.o(.data)
    si4432cmd_senddata                       0x20000042   Data          18  encrypt.o(.data)
    u1RecvCh                                 0x20000054   Data           1  stm32f10x_it.o(.data)
    u1BufferSwitch                           0x20000055   Data           1  stm32f10x_it.o(.data)
    USART2_TX_Finish                         0x20000056   Data           1  stm32f10x_it.o(.data)
    u1p                                      0x20000058   Data           4  stm32f10x_it.o(.data)
    u2p                                      0x2000005c   Data           4  stm32f10x_it.o(.data)
    ProtocolMBox                             0x20000060   Data           4  app.o(.data)
    ProtoSendMBox                            0x20000064   Data           4  app.o(.data)
    TestMBox                                 0x20000068   Data           4  app.o(.data)
    Si4432ReadMBox                           0x2000006c   Data           4  app.o(.data)
    protosend_buf                            0x20000073   Data           3  taskprotosend.o(.data)
    learn_switch                             0x20000076   Data           1  tasktest.o(.data)
    learn_KeyCode                            0x20000077   Data           1  tasktest.o(.data)
    learn_DeviceName                         0x20000078   Data           1  tasktest.o(.data)
    learn_cmd                                0x20000079   Data           1  tasktest.o(.data)
    Learn_State                              0x2000007a   Data           1  tasktest.o(.data)
    Timout_Count                             0x2000007c   Data           2  taskset.o(.data)
    Timout_Count2                            0x2000007e   Data           2  taskset.o(.data)
    MY_ID                                    0x20000080   Data           4  taskset.o(.data)
    Protocolrev_en                           0x20000084   Data           1  tasksi4432read.o(.data)
    OSCPUUsage                               0x20000088   Data           1  os_core.o(.data)
    OSStatRdy                                0x20000089   Data           1  os_core.o(.data)
    OSIntNesting                             0x2000008a   Data           1  os_core.o(.data)
    OSLockNesting                            0x2000008b   Data           1  os_core.o(.data)
    OSPrioCur                                0x2000008c   Data           1  os_core.o(.data)
    OSPrioHighRdy                            0x2000008d   Data           1  os_core.o(.data)
    OSRdyGrp                                 0x2000008e   Data           1  os_core.o(.data)
    OSRunning                                0x2000008f   Data           1  os_core.o(.data)
    OSTaskCtr                                0x20000090   Data           1  os_core.o(.data)
    OSTickStepState                          0x20000091   Data           1  os_core.o(.data)
    OSRdyTbl                                 0x20000092   Data           3  os_core.o(.data)
    OSCtxSwCtr                               0x20000098   Data           4  os_core.o(.data)
    OSEventFreeList                          0x2000009c   Data           4  os_core.o(.data)
    OSIdleCtrMax                             0x200000a0   Data           4  os_core.o(.data)
    OSIdleCtrRun                             0x200000a4   Data           4  os_core.o(.data)
    OSIdleCtr                                0x200000a8   Data           4  os_core.o(.data)
    OSTCBCur                                 0x200000ac   Data           4  os_core.o(.data)
    OSTCBFreeList                            0x200000b0   Data           4  os_core.o(.data)
    OSTCBHighRdy                             0x200000b4   Data           4  os_core.o(.data)
    OSTCBList                                0x200000b8   Data           4  os_core.o(.data)
    OSTime                                   0x200000bc   Data           4  os_core.o(.data)
    OSFlagFreeList                           0x200000c0   Data           4  os_core.o(.data)
    OSQFreeList                              0x200000c4   Data           4  os_core.o(.data)
    SI4432_RxBUFF                            0x200000c8   Data          20  si4432.o(.bss)
    recieve_data                             0x200000dc   Data          18  encrypt.o(.bss)
    send_data                                0x200000ee   Data          18  encrypt.o(.bss)
    USART2_SEND_DATA                         0x20000100   Data         220  stm32f10x_it.o(.bss)
    USART2_RECEIVE_DATA                      0x200001dc   Data         220  stm32f10x_it.o(.bss)
    TaskProtocolStk                          0x200002b8   Data        1200  app.o(.bss)
    ProtocolQBuff                            0x20000768   Data          80  app.o(.bss)
    TaskProtoSendStk                         0x200007b8   Data        2048  app.o(.bss)
    ProtoSendQBuff                           0x20000fb8   Data          80  app.o(.bss)
    TaskTestStk                              0x20001008   Data        2048  app.o(.bss)
    TestQBuff                                0x20001808   Data          40  app.o(.bss)
    TaskSetStk                               0x20001830   Data        2048  app.o(.bss)
    TaskSi4432ReadStk                        0x20002030   Data        2048  app.o(.bss)
    Si4432ReadQBuff                          0x20002830   Data         120  app.o(.bss)
    gU1RecvBuff                              0x200028a8   Data          32  app.o(.bss)
    gU2RecvBuff                              0x200028c8   Data         430  app.o(.bss)
    SI4432RecvBuff                           0x20002a76   Data          28  app.o(.bss)
    ct361_Buffer                             0x20002a92   Data         208  tasktest.o(.bss)
    OSEventTbl                               0x20002b64   Data         384  os_core.o(.bss)
    OSTaskStatStk                            0x20002ce4   Data         512  os_core.o(.bss)
    OSTaskIdleStk                            0x20002ee4   Data         512  os_core.o(.bss)
    OSTCBPrioTbl                             0x200030e4   Data          84  os_core.o(.bss)
    OSTCBTbl                                 0x20003138   Data        1932  os_core.o(.bss)
    OSFlagTbl                                0x200038c4   Data         336  os_core.o(.bss)
    OSQTbl                                   0x20003a14   Data         288  os_core.o(.bss)
    _random_number_data                      0x20003b34   Data         228  rand.o(.bss)
    __libspace_start                         0x20003c18   Data          96  libspace.o(.bss)
    __temporary_stack_top$libspace           0x20003c78   Data           0  libspace.o(.bss)



==============================================================================

Memory Map of the image

  Image Entry point : 0x080000ed

  Load Region LR_IROM1 (Base: 0x08000000, Size: 0x00006140, Max: 0x00010000, ABSOLUTE)

    Execution Region ER_IROM1 (Base: 0x08000000, Size: 0x00006078, Max: 0x00010000, ABSOLUTE)

    Base Addr    Size         Type   Attr      Idx    E Section Name        Object

    0x08000000   0x000000ec   Data   RO            3    RESET               startup_stm32f10x_md.o
    0x080000ec   0x00000008   Code   RO          818  * !!!main             c_w.l(__main.o)
    0x080000f4   0x00000034   Code   RO          972    !!!scatter          c_w.l(__scatter.o)
    0x08000128   0x0000001a   Code   RO          974    !!handler_copy      c_w.l(__scatter_copy.o)
    0x08000142   0x00000002   PAD
    0x08000144   0x0000001c   Code   RO          976    !!handler_zi        c_w.l(__scatter_zi.o)
    0x08000160   0x00000002   Code   RO          896    .ARM.Collect$$libinit$$00000000  c_w.l(libinit.o)
    0x08000162   0x00000000   Code   RO          822    .ARM.Collect$$libinit$$00000002  c_w.l(libinit2.o)
    0x08000162   0x00000000   Code   RO          825    .ARM.Collect$$libinit$$00000008  c_w.l(libinit2.o)
    0x08000162   0x00000000   Code   RO          827    .ARM.Collect$$libinit$$0000000A  c_w.l(libinit2.o)
    0x08000162   0x00000004   Code   RO          828    .ARM.Collect$$libinit$$0000000B  c_w.l(libinit2.o)
    0x08000166   0x00000000   Code   RO          829    .ARM.Collect$$libinit$$0000000C  c_w.l(libinit2.o)
    0x08000166   0x00000000   Code   RO          832    .ARM.Collect$$libinit$$0000000F  c_w.l(libinit2.o)
    0x08000166   0x00000000   Code   RO          834    .ARM.Collect$$libinit$$00000011  c_w.l(libinit2.o)
    0x08000166   0x00000000   Code   RO          836    .ARM.Collect$$libinit$$00000013  c_w.l(libinit2.o)
    0x08000166   0x00000000   Code   RO          838    .ARM.Collect$$libinit$$00000015  c_w.l(libinit2.o)
    0x08000166   0x00000000   Code   RO          840    .ARM.Collect$$libinit$$00000017  c_w.l(libinit2.o)
    0x08000166   0x00000000   Code   RO          842    .ARM.Collect$$libinit$$00000019  c_w.l(libinit2.o)
    0x08000166   0x00000000   Code   RO          844    .ARM.Collect$$libinit$$0000001B  c_w.l(libinit2.o)
    0x08000166   0x00000000   Code   RO          846    .ARM.Collect$$libinit$$0000001D  c_w.l(libinit2.o)
    0x08000166   0x00000000   Code   RO          848    .ARM.Collect$$libinit$$0000001F  c_w.l(libinit2.o)
    0x08000166   0x00000000   Code   RO          850    .ARM.Collect$$libinit$$00000021  c_w.l(libinit2.o)
    0x08000166   0x00000000   Code   RO          852    .ARM.Collect$$libinit$$00000023  c_w.l(libinit2.o)
    0x08000166   0x00000000   Code   RO          856    .ARM.Collect$$libinit$$0000002A  c_w.l(libinit2.o)
    0x08000166   0x00000000   Code   RO          858    .ARM.Collect$$libinit$$0000002C  c_w.l(libinit2.o)
    0x08000166   0x00000000   Code   RO          860    .ARM.Collect$$libinit$$0000002E  c_w.l(libinit2.o)
    0x08000166   0x00000000   Code   RO          862    .ARM.Collect$$libinit$$00000030  c_w.l(libinit2.o)
    0x08000166   0x00000002   Code   RO          863    .ARM.Collect$$libinit$$00000031  c_w.l(libinit2.o)
    0x08000168   0x00000002   Code   RO          934    .ARM.Collect$$libshutdown$$00000000  c_w.l(libshutdown.o)
    0x0800016a   0x00000000   Code   RO          941    .ARM.Collect$$libshutdown$$00000003  c_w.l(libshutdown2.o)
    0x0800016a   0x00000000   Code   RO          944    .ARM.Collect$$libshutdown$$00000006  c_w.l(libshutdown2.o)
    0x0800016a   0x00000000   Code   RO          947    .ARM.Collect$$libshutdown$$00000009  c_w.l(libshutdown2.o)
    0x0800016a   0x00000000   Code   RO          949    .ARM.Collect$$libshutdown$$0000000B  c_w.l(libshutdown2.o)
    0x0800016a   0x00000000   Code   RO          952    .ARM.Collect$$libshutdown$$0000000E  c_w.l(libshutdown2.o)
    0x0800016a   0x00000002   Code   RO          953    .ARM.Collect$$libshutdown$$0000000F  c_w.l(libshutdown2.o)
    0x0800016c   0x00000000   Code   RO          820    .ARM.Collect$$rtentry$$00000000  c_w.l(rtentry.o)
    0x0800016c   0x00000000   Code   RO          865    .ARM.Collect$$rtentry$$00000002  c_w.l(rtentry2.o)
    0x0800016c   0x00000006   Code   RO          877    .ARM.Collect$$rtentry$$00000004  c_w.l(rtentry4.o)
    0x08000172   0x00000000   Code   RO          867    .ARM.Collect$$rtentry$$00000009  c_w.l(rtentry2.o)
    0x08000172   0x00000004   Code   RO          868    .ARM.Collect$$rtentry$$0000000A  c_w.l(rtentry2.o)
    0x08000176   0x00000000   Code   RO          870    .ARM.Collect$$rtentry$$0000000C  c_w.l(rtentry2.o)
    0x08000176   0x00000008   Code   RO          871    .ARM.Collect$$rtentry$$0000000D  c_w.l(rtentry2.o)
    0x0800017e   0x00000002   Code   RO          902    .ARM.Collect$$rtexit$$00000000  c_w.l(rtexit.o)
    0x08000180   0x00000000   Code   RO          914    .ARM.Collect$$rtexit$$00000002  c_w.l(rtexit2.o)
    0x08000180   0x00000004   Code   RO          915    .ARM.Collect$$rtexit$$00000003  c_w.l(rtexit2.o)
    0x08000184   0x00000006   Code   RO          916    .ARM.Collect$$rtexit$$00000004  c_w.l(rtexit2.o)
    0x0800018a   0x00000002   PAD
    0x0800018c   0x00000034   Code   RO          809    .emb_text           c_w.l(rand.o)
    0x080001c0   0x00000040   Code   RO            4    .text               startup_stm32f10x_md.o
    0x08000200   0x000000b0   Code   RO           24    .text               misc.o
    0x080002b0   0x000000e8   Code   RO          107    .text               stm32f10x_exti.o
    0x08000398   0x00000260   Code   RO          134    .text               stm32f10x_gpio.o
    0x080005f8   0x000002b8   Code   RO          146    .text               stm32f10x_rcc.o
    0x080008b0   0x00000274   Code   RO          160    .text               stm32f10x_spi.o
    0x08000b24   0x00000330   Code   RO          172    .text               stm32f10x_usart.o
    0x08000e54   0x00000480   Code   RO          184    .text               stm32f10x_flash.o
    0x080012d4   0x00000af0   Code   RO          197    .text               stm32f10x_tim.o
    0x08001dc4   0x000001c8   Code   RO          210    .text               stm32f10x_dma.o
    0x08001f8c   0x00000480   Code   RO          222    .text               si4432.o
    0x0800240c   0x0000010c   Code   RO          316    .text               base.o
    0x08002518   0x000002c4   Code   RO          339    .text               stm32init.o
    0x080027dc   0x00000350   Code   RO          367    .text               bsp.o
    0x08002b2c   0x00000350   Code   RO          383    .text               encrypt.o
    0x08002e7c   0x0000021c   Code   RO          409    .text               spi.o
    0x08003098   0x0000010e   Code   RO          421    .text               dataflash.o
    0x080031a6   0x00000002   PAD
    0x080031a8   0x00000028   Code   RO          434    .text               iwatchdog.o
    0x080031d0   0x00000288   Code   RO          446    .text               stm32f10x_it.o
    0x08003458   0x00000024   Code   RO          491    .text               app.o
    0x0800347c   0x000003a0   Code   RO          545    .text               protocol.o
    0x0800381c   0x00000098   Code   RO          561    .text               taskprotocol.o
    0x080038b4   0x00000198   Code   RO          573    .text               taskprotosend.o
    0x08003a4c   0x000001c4   Code   RO          588    .text               tasktest.o
    0x08003c10   0x000001d0   Code   RO          610    .text               taskset.o
    0x08003de0   0x000000f4   Code   RO          634    .text               tasksi4432read.o
    0x08003ed4   0x00000954   Code   RO          649    .text               os_core.o
    0x08004828   0x000005ec   Code   RO          674    .text               os_flag.o
    0x08004e14   0x00000564   Code   RO          711    .text               os_q.o
    0x08005378   0x00000720   Code   RO          735    .text               os_task.o
    0x08005a98   0x0000018c   Code   RO          748    .text               os_time.o
    0x08005c24   0x000000a4   Code   RO          766    .text               os_cpu_a.o
    0x08005cc8   0x00000084   Code   RO          769    .text               os_cpu_c.o
    0x08005d4c   0x00000002   Code   RO          792    .text               os_dbg.o
    0x08005d4e   0x00000002   PAD
    0x08005d50   0x0000003c   Code   RO          810    .text               c_w.l(rand.o)
    0x08005d8c   0x00000058   Code   RO          814    .text               c_w.l(memcmp.o)
    0x08005de4   0x00000006   Code   RO          816    .text               c_w.l(heapauxi.o)
    0x08005dea   0x0000004a   Code   RO          883    .text               c_w.l(sys_stackheap_outer.o)
    0x08005e34   0x0000000c   Code   RO          885    .text               c_w.l(exit.o)
    0x08005e40   0x00000008   Code   RO          899    .text               c_w.l(libspace.o)
    0x08005e48   0x00000002   Code   RO          910    .text               c_w.l(use_no_semi.o)
    0x08005e4a   0x00000000   Code   RO          912    .text               c_w.l(indicate_semi.o)
    0x08005e4a   0x00000002   PAD
    0x08005e4c   0x0000000c   Code   RO          926    .text               c_w.l(sys_exit.o)
    0x08005e58   0x00000100   Data   RO          385    .constdata          encrypt.o
    0x08005f58   0x00000100   Data   RO          653    .constdata          os_core.o
    0x08006058   0x00000020   Data   RO          970    Region$$Table       anon$$obj.o


    Execution Region RW_IRAM1 (Base: 0x20000000, Size: 0x00004278, Max: 0x00005000, ABSOLUTE)

    Base Addr    Size         Type   Attr      Idx    E Section Name        Object

    0x20000000   0x00000014   Data   RW          147    .data               stm32f10x_rcc.o
    0x20000014   0x00000001   Data   RW          225    .data               si4432.o
    0x20000015   0x00000003   Data   RW          226    .data               si4432.o
    0x20000018   0x00000001   Data   RW          317    .data               base.o
    0x20000019   0x00000003   PAD
    0x2000001c   0x00000026   Data   RW          386    .data               encrypt.o
    0x20000042   0x00000012   Data   RW          387    .data               encrypt.o
    0x20000054   0x00000008   Data   RW          450    .data               stm32f10x_it.o
    0x2000005c   0x00000004   Data   RW          452    .data               stm32f10x_it.o
    0x20000060   0x00000004   Data   RW          505    .data               app.o
    0x20000064   0x00000004   Data   RW          506    .data               app.o
    0x20000068   0x00000004   Data   RW          507    .data               app.o
    0x2000006c   0x00000004   Data   RW          508    .data               app.o
    0x20000070   0x00000006   Data   RW          574    .data               taskprotosend.o
    0x20000076   0x00000001   Data   RW          590    .data               tasktest.o
    0x20000077   0x00000004   Data   RW          591    .data               tasktest.o
    0x2000007b   0x00000001   PAD
    0x2000007c   0x00000008   Data   RW          611    .data               taskset.o
    0x20000084   0x00000001   Data   RW          635    .data               tasksi4432read.o
    0x20000085   0x00000003   PAD
    0x20000088   0x00000038   Data   RW          654    .data               os_core.o
    0x200000c0   0x00000004   Data   RW          655    .data               os_core.o
    0x200000c4   0x00000004   Data   RW          656    .data               os_core.o
    0x200000c8   0x00000014   Zero   RW          223    .bss                si4432.o
    0x200000dc   0x00000024   Zero   RW          384    .bss                encrypt.o
    0x20000100   0x000000dc   Zero   RW          447    .bss                stm32f10x_it.o
    0x200001dc   0x000000dc   Zero   RW          448    .bss                stm32f10x_it.o
    0x200002b8   0x000004b0   Zero   RW          493    .bss                app.o
    0x20000768   0x00000050   Zero   RW          494    .bss                app.o
    0x200007b8   0x00000800   Zero   RW          495    .bss                app.o
    0x20000fb8   0x00000050   Zero   RW          496    .bss                app.o
    0x20001008   0x00000800   Zero   RW          497    .bss                app.o
    0x20001808   0x00000028   Zero   RW          498    .bss                app.o
    0x20001830   0x00000800   Zero   RW          499    .bss                app.o
    0x20002030   0x00000800   Zero   RW          500    .bss                app.o
    0x20002830   0x00000078   Zero   RW          501    .bss                app.o
    0x200028a8   0x00000020   Zero   RW          502    .bss                app.o
    0x200028c8   0x000001ae   Zero   RW          503    .bss                app.o
    0x20002a76   0x0000001c   Zero   RW          504    .bss                app.o
    0x20002a92   0x000000d0   Zero   RW          589    .bss                tasktest.o
    0x20002b62   0x00000002   PAD
    0x20002b64   0x00000d60   Zero   RW          650    .bss                os_core.o
    0x200038c4   0x00000150   Zero   RW          651    .bss                os_core.o
    0x20003a14   0x00000120   Zero   RW          652    .bss                os_core.o
    0x20003b34   0x000000e4   Zero   RW          811    .bss                c_w.l(rand.o)
    0x20003c18   0x00000060   Zero   RW          900    .bss                c_w.l(libspace.o)
    0x20003c78   0x00000200   Zero   RW            2    HEAP                startup_stm32f10x_md.o
    0x20003e78   0x00000400   Zero   RW            1    STACK               startup_stm32f10x_md.o


==============================================================================

Image component sizes


      Code (inc. data)   RO Data    RW Data    ZI Data      Debug   Object Name

        36         10          0         16      10202       3789   app.o
       268         20          0          1          0       2415   base.o
       848         52          0          0          0      17422   bsp.o
         0          0          0          0          0       4212   core_cm3.o
       270          0          0          0          0       1773   dataflash.o
       848         64        256         56         36       5231   encrypt.o
        40          6          0          0          0        570   iwatchdog.o
       176         18          0          0          0     273673   misc.o
      2388         80        256         64       4048      17493   os_core.o
       164         32          0          0          0        264   os_cpu_a.o
       132          0          0          0          0      11905   os_cpu_c.o
         2          0          0          0          0        394   os_dbg.o
      1516         40          0          0          0       5110   os_flag.o
      1380         30          0          0          0       4425   os_q.o
      1824         64          0          0          0       5799   os_task.o
       396         24          0          0          0       1686   os_time.o
       928         42          0          0          0       4540   protocol.o
      1152         12          0          4         20      14573   si4432.o
       540         14          0          0          0       2019   spi.o
        64         26        236          0       1536        760   startup_stm32f10x_md.o
       456         10          0          0          0       4114   stm32f10x_dma.o
       232          8          0          0          0       2107   stm32f10x_exti.o
      1152         22          0          0          0       7988   stm32f10x_flash.o
       608         36          0          0          0       4945   stm32f10x_gpio.o
       648         46          0         12        440       6646   stm32f10x_it.o
       696         32          0         20          0       8052   stm32f10x_rcc.o
       628         14          0          0          0       5770   stm32f10x_spi.o
      2800         84          0          0          0      18174   stm32f10x_tim.o
       816         20          0          0          0       7284   stm32f10x_usart.o
       708         22          0          0          0       1951   stm32init.o
       152         38          0          0          0        819   taskprotocol.o
       408         44          0          6          0       1304   taskprotosend.o
       464         84          0          8          0       1490   taskset.o
       244         30          0          1          0        878   tasksi4432read.o
       452         76          0          5        208       1573   tasktest.o

    ----------------------------------------------------------------------
     23440       1100        780        200      16492     451148   Object Totals
         0          0         32          0          0          0   (incl. Generated)
         4          0          0          7          2          0   (incl. Padding)

    ----------------------------------------------------------------------

      Code (inc. data)   RO Data    RW Data    ZI Data      Debug   Library Member Name

         8          0          0          0          0         68   __main.o
        52          8          0          0          0          0   __scatter.o
        26          0          0          0          0          0   __scatter_copy.o
        28          0          0          0          0          0   __scatter_zi.o
        12          0          0          0          0         72   exit.o
         6          0          0          0          0        152   heapauxi.o
         0          0          0          0          0          0   indicate_semi.o
         2          0          0          0          0          0   libinit.o
         6          0          0          0          0          0   libinit2.o
         2          0          0          0          0          0   libshutdown.o
         2          0          0          0          0          0   libshutdown2.o
         8          4          0          0         96         68   libspace.o
        88          0          0          0          0         76   memcmp.o
       112         18          0          0        228        160   rand.o
         0          0          0          0          0          0   rtentry.o
        12          0          0          0          0          0   rtentry2.o
         6          0          0          0          0          0   rtentry4.o
         2          0          0          0          0          0   rtexit.o
        10          0          0          0          0          0   rtexit2.o
        12          4          0          0          0         68   sys_exit.o
        74          0          0          0          0         80   sys_stackheap_outer.o
         2          0          0          0          0         68   use_no_semi.o

    ----------------------------------------------------------------------
       476         34          0          0        324        812   Library Totals
         6          0          0          0          0          0   (incl. Padding)

    ----------------------------------------------------------------------

      Code (inc. data)   RO Data    RW Data    ZI Data      Debug   Library Name

       470         34          0          0        324        812   c_w.l

    ----------------------------------------------------------------------
       476         34          0          0        324        812   Library Totals

    ----------------------------------------------------------------------

==============================================================================


      Code (inc. data)   RO Data    RW Data    ZI Data      Debug   

     23916       1134        780        200      16816     447488   Grand Totals
     23916       1134        780        200      16816     447488   ELF Image Totals
     23916       1134        780        200          0          0   ROM Totals

==============================================================================

    Total RO  Size (Code + RO Data)                24696 (  24.12kB)
    Total RW  Size (RW Data + ZI Data)             17016 (  16.62kB)
    Total ROM Size (Code + RO Data + RW Data)      24896 (  24.31kB)

==============================================================================

